2026-08-19T01:44:11+00:00 INFO Running webhook cron.
2026-08-19T01:44:11+00:00 INFO Webhook cron execution completed.
2026-08-19T01:49:10+00:00 INFO Running webhook cron.
2026-08-19T01:49:10+00:00 INFO Webhook cron execution completed.
2026-08-19T01:56:40+00:00 INFO Running webhook cron.
2026-08-19T01:56:40+00:00 INFO Webhook cron execution completed.
2026-08-19T02:05:20+00:00 INFO Running webhook cron.
2026-08-19T02:05:20+00:00 INFO Webhook cron execution completed.
2026-08-19T02:10:17+00:00 INFO Running webhook cron.
2026-08-19T02:10:17+00:00 INFO Webhook cron execution completed.
2026-08-19T02:21:27+00:00 INFO Running webhook cron.
2026-08-19T02:21:27+00:00 INFO Webhook cron execution completed.
2026-08-19T02:34:17+00:00 INFO Running webhook cron.
2026-08-19T02:34:17+00:00 INFO Webhook cron execution completed.
2026-08-19T02:41:26+00:00 INFO Running webhook cron.
2026-08-19T02:41:26+00:00 INFO Webhook cron execution completed.
2026-08-19T02:51:24+00:00 INFO Running webhook cron.
2026-08-19T02:51:24+00:00 INFO Webhook cron execution completed.
2026-08-19T02:54:17+00:00 INFO Running webhook cron.
2026-08-19T02:54:17+00:00 INFO Webhook cron execution completed.
2026-08-19T03:01:32+00:00 INFO Running webhook cron.
2026-08-19T03:01:32+00:00 INFO Webhook cron execution completed.
2026-08-19T03:12:31+00:00 INFO Running webhook cron.
2026-08-19T03:12:31+00:00 INFO Webhook cron execution completed.
2026-08-19T03:15:46+00:00 INFO Running webhook cron.
2026-08-19T03:15:46+00:00 INFO Webhook cron execution completed.
2026-08-19T03:19:14+00:00 INFO Running webhook cron.
2026-08-19T03:19:14+00:00 INFO Webhook cron execution completed.
2026-08-19T03:32:39+00:00 INFO Running webhook cron.
2026-08-19T03:32:39+00:00 INFO Webhook cron execution completed.
2026-08-19T03:39:12+00:00 INFO Running webhook cron.
2026-08-19T03:39:12+00:00 INFO Webhook cron execution completed.
2026-08-19T03:48:31+00:00 INFO Running webhook cron.
2026-08-19T03:48:31+00:00 INFO Webhook cron execution completed.
2026-08-19T03:52:05+00:00 INFO Running webhook cron.
2026-08-19T03:52:05+00:00 INFO Webhook cron execution completed.
2026-08-19T03:57:34+00:00 INFO Running webhook cron.
2026-08-19T03:57:34+00:00 INFO Webhook cron execution completed.
2026-08-19T04:01:49+00:00 INFO Running webhook cron.
2026-08-19T04:01:49+00:00 INFO Webhook cron execution completed.
2026-08-19T04:10:07+00:00 INFO Running webhook cron.
2026-08-19T04:10:07+00:00 INFO Webhook cron execution completed.
2026-08-19T04:17:59+00:00 INFO Running webhook cron.
2026-08-19T04:17:59+00:00 INFO Webhook cron execution completed.
2026-08-19T04:20:53+00:00 INFO Running webhook cron.
2026-08-19T04:20:53+00:00 INFO Webhook cron execution completed.
2026-08-19T04:26:20+00:00 INFO Running webhook cron.
2026-08-19T04:26:20+00:00 INFO Webhook cron execution completed.
2026-08-19T04:32:50+00:00 INFO Running webhook cron.
2026-08-19T04:32:50+00:00 INFO Webhook cron execution completed.
2026-08-19T04:41:37+00:00 INFO Running webhook cron.
2026-08-19T04:41:37+00:00 INFO Webhook cron execution completed.
2026-08-19T04:52:00+00:00 INFO Running webhook cron.
2026-08-19T04:52:00+00:00 INFO Webhook cron execution completed.
2026-08-19T04:54:16+00:00 INFO Running webhook cron.
2026-08-19T04:54:16+00:00 INFO Webhook cron execution completed.
2026-08-19T05:00:31+00:00 INFO Running webhook cron.
2026-08-19T05:00:31+00:00 INFO Webhook cron execution completed.
2026-08-19T05:06:28+00:00 INFO Running webhook cron.
2026-08-19T05:06:28+00:00 INFO Webhook cron execution completed.
2026-08-19T05:14:14+00:00 INFO Running webhook cron.
2026-08-19T05:14:14+00:00 INFO Webhook cron execution completed.
2026-08-19T05:20:53+00:00 INFO Running webhook cron.
2026-08-19T05:20:53+00:00 INFO Webhook cron execution completed.
2026-08-19T05:32:44+00:00 INFO Running webhook cron.
2026-08-19T05:32:44+00:00 INFO Webhook cron execution completed.
2026-08-19T05:42:45+00:00 INFO Running webhook cron.
2026-08-19T05:42:45+00:00 INFO Webhook cron execution completed.
2026-08-19T05:49:07+00:00 INFO Running webhook cron.
2026-08-19T05:49:07+00:00 INFO Webhook cron execution completed.
2026-08-19T05:59:55+00:00 INFO Running webhook cron.
2026-08-19T05:59:55+00:00 INFO Webhook cron execution completed.
2026-08-19T06:06:41+00:00 INFO Running webhook cron.
2026-08-19T06:06:41+00:00 INFO Webhook cron execution completed.
2026-08-19T06:12:23+00:00 INFO Running webhook cron.
2026-08-19T06:12:23+00:00 INFO Webhook cron execution completed.
2026-08-19T06:18:05+00:00 INFO Running webhook cron.
2026-08-19T06:18:05+00:00 INFO Webhook cron execution completed.
2026-08-19T06:20:48+00:00 INFO Running webhook cron.
2026-08-19T06:20:48+00:00 INFO Webhook cron execution completed.
2026-08-19T06:26:39+00:00 INFO Running webhook cron.
2026-08-19T06:26:39+00:00 INFO Webhook cron execution completed.
2026-08-19T06:31:48+00:00 INFO Running webhook cron.
2026-08-19T06:31:48+00:00 INFO Webhook cron execution completed.
2026-08-19T06:39:31+00:00 INFO Running webhook cron.
2026-08-19T06:39:31+00:00 INFO Webhook cron execution completed.
2026-08-19T06:49:35+00:00 INFO Running webhook cron.
2026-08-19T06:49:35+00:00 INFO Webhook cron execution completed.
2026-08-19T07:02:33+00:00 INFO Running webhook cron.
2026-08-19T07:02:33+00:00 INFO Webhook cron execution completed.
2026-08-19T07:10:43+00:00 INFO Running webhook cron.
2026-08-19T07:10:43+00:00 INFO Webhook cron execution completed.
2026-08-19T07:17:52+00:00 INFO Running webhook cron.
2026-08-19T07:17:52+00:00 INFO Webhook cron execution completed.
2026-08-19T07:22:22+00:00 INFO Running webhook cron.
2026-08-19T07:22:22+00:00 INFO Webhook cron execution completed.
2026-08-19T07:28:29+00:00 INFO Running webhook cron.
2026-08-19T07:28:29+00:00 INFO Webhook cron execution completed.
2026-08-19T07:30:15+00:00 INFO Running webhook cron.
2026-08-19T07:30:15+00:00 INFO Webhook cron execution completed.
2026-08-19T07:39:37+00:00 INFO Running webhook cron.
2026-08-19T07:39:37+00:00 INFO Webhook cron execution completed.
2026-08-19T07:44:34+00:00 INFO Running webhook cron.
2026-08-19T07:44:34+00:00 INFO Webhook cron execution completed.
2026-08-19T07:49:31+00:00 INFO Running webhook cron.
2026-08-19T07:49:31+00:00 INFO Webhook cron execution completed.
2026-08-19T07:54:08+00:00 INFO Running webhook cron.
2026-08-19T07:54:08+00:00 INFO Webhook cron execution completed.
2026-08-19T07:59:22+00:00 INFO Running webhook cron.
2026-08-19T07:59:22+00:00 INFO Webhook cron execution completed.
2026-08-19T08:02:02+00:00 INFO Called process_payment with params order_id 1033
2026-08-19T08:02:02+00:00 INFO Set transient with key razorpay_wc_order_id params order_id 1033
2026-08-19T08:02:02+00:00 INFO getRazorpayPaymentParams 1033
2026-08-19T08:02:02+00:00 INFO createOrGetRazorpayOrderId 1033 and is1ccCheckout is set to no
2026-08-19T08:02:02+00:00 INFO Called createOrGetRazorpayOrderId with params orderId 1033 and is_magic_checkout_order is set to no
2026-08-19T08:02:02+00:00 INFO razorpayOrderId  | sessionKey razorpay_order_id1033
2026-08-19T08:02:02+00:00 INFO Called createRazorpayOrderId with params orderId 1033 and sessionKey razorpay_order_id1033
2026-08-19T08:02:02+00:00 INFO Called getOrderCreationData with params orderId 1033
2026-08-19T08:02:02+00:00 INFO Called getOrderCreationData with params orderId 1033 and is1ccOrder is set to no
2026-08-19T08:02:02+00:00 INFO For order 1033
2026-08-19T08:02:02+00:00 INFO {"receipt":"1033","amount":1649800,"currency":"INR","payment_capture":0,"app_offer":0,"notes":{"woocommerce_order_id":"1033","woocommerce_order_number":"1033"}}
2026-08-19T08:02:04+00:00 INFO Updating razorpay webhook
2026-08-19T08:02:05+00:00 INFO Meta data saved for Order ID 1033 with key razorpay_order_id1033 and value order_TRYTqgaXXsIrOt.
2026-08-19T08:02:05+00:00 INFO For order session key razorpay_order_id1033
2026-08-19T08:04:07+00:00 INFO Running webhook cron.
2026-08-19T08:04:07+00:00 INFO Webhook cron execution completed.
2026-08-19T08:09:07+00:00 INFO Running webhook cron.
2026-08-19T08:09:07+00:00 INFO Webhook cron execution completed.
2026-08-19T08:14:08+00:00 INFO Running webhook cron.
2026-08-19T08:14:08+00:00 INFO Webhook cron execution completed.
2026-08-19T08:19:12+00:00 INFO Running webhook cron.
2026-08-19T08:19:12+00:00 INFO Webhook cron execution completed.
2026-08-19T08:21:03+00:00 INFO Called process_payment with params order_id 1032
2026-08-19T08:21:03+00:00 INFO Set transient with key razorpay_wc_order_id params order_id 1032
2026-08-19T08:21:04+00:00 INFO getRazorpayPaymentParams 1032
2026-08-19T08:21:04+00:00 INFO createOrGetRazorpayOrderId 1032 and is1ccCheckout is set to no
2026-08-19T08:21:04+00:00 INFO Called createOrGetRazorpayOrderId with params orderId 1032 and is_magic_checkout_order is set to no
2026-08-19T08:21:04+00:00 INFO razorpayOrderId  | sessionKey razorpay_order_id1032
2026-08-19T08:21:04+00:00 INFO Called createRazorpayOrderId with params orderId 1032 and sessionKey razorpay_order_id1032
2026-08-19T08:21:04+00:00 INFO Called getOrderCreationData with params orderId 1032
2026-08-19T08:21:04+00:00 INFO Called getOrderCreationData with params orderId 1032 and is1ccOrder is set to no
2026-08-19T08:21:04+00:00 INFO For order 1032
2026-08-19T08:21:04+00:00 INFO {"receipt":"1032","amount":50300,"currency":"INR","payment_capture":0,"app_offer":0,"notes":{"woocommerce_order_id":"1032","woocommerce_order_number":"1032"}}
2026-08-19T08:21:04+00:00 INFO Meta data saved for Order ID 1032 with key razorpay_order_id1032 and value order_TRYnwowySceCwa.
2026-08-19T08:21:04+00:00 INFO For order session key razorpay_order_id1032
2026-08-19T08:23:38+00:00 INFO Called process_payment with params order_id 1035
2026-08-19T08:23:38+00:00 INFO Set transient with key razorpay_wc_order_id params order_id 1035
2026-08-19T08:23:39+00:00 INFO getRazorpayPaymentParams 1035
2026-08-19T08:23:39+00:00 INFO createOrGetRazorpayOrderId 1035 and is1ccCheckout is set to no
2026-08-19T08:23:39+00:00 INFO Called createOrGetRazorpayOrderId with params orderId 1035 and is_magic_checkout_order is set to no
2026-08-19T08:23:39+00:00 INFO razorpayOrderId  | sessionKey razorpay_order_id1035
2026-08-19T08:23:39+00:00 INFO Called createRazorpayOrderId with params orderId 1035 and sessionKey razorpay_order_id1035
2026-08-19T08:23:39+00:00 INFO Called getOrderCreationData with params orderId 1035
2026-08-19T08:23:39+00:00 INFO Called getOrderCreationData with params orderId 1035 and is1ccOrder is set to no
2026-08-19T08:23:39+00:00 INFO For order 1035
2026-08-19T08:23:39+00:00 INFO {"receipt":"1035","amount":25900,"currency":"INR","payment_capture":0,"app_offer":0,"notes":{"woocommerce_order_id":"1035","woocommerce_order_number":"1035"}}
2026-08-19T08:23:39+00:00 INFO Meta data saved for Order ID 1035 with key razorpay_order_id1035 and value order_TRYqfRtTDhhLug.
2026-08-19T08:23:39+00:00 INFO For order session key razorpay_order_id1035
2026-08-19T08:24:19+00:00 INFO getRazorpayPaymentParams 1035
2026-08-19T08:24:19+00:00 INFO createOrGetRazorpayOrderId 1035 and is1ccCheckout is set to no
2026-08-19T08:24:19+00:00 INFO Called createOrGetRazorpayOrderId with params orderId 1035 and is_magic_checkout_order is set to no
2026-08-19T08:24:19+00:00 INFO razorpayOrderId order_TRYqfRtTDhhLug | sessionKey razorpay_order_id1035
2026-08-19T08:24:19+00:00 INFO Called verifyOrderAmount with params orderId 1035 and rzporderId order_TRYqfRtTDhhLug
2026-08-19T08:24:19+00:00 INFO Called getOrderCreationData with params orderId 1035
2026-08-19T08:24:19+00:00 INFO Called getOrderCreationData with params orderId 1035 and is1ccOrder is set to no
2026-08-19T08:24:20+00:00 INFO Running webhook cron.
2026-08-19T08:24:20+00:00 INFO Webhook cron execution completed.
2026-08-19T08:25:04+00:00 INFO Called process_payment with params order_id 1035
2026-08-19T08:25:04+00:00 INFO Set transient with key razorpay_wc_order_id params order_id 1035
2026-08-19T08:25:05+00:00 INFO getRazorpayPaymentParams 1035
2026-08-19T08:25:05+00:00 INFO createOrGetRazorpayOrderId 1035 and is1ccCheckout is set to no
2026-08-19T08:25:05+00:00 INFO Called createOrGetRazorpayOrderId with params orderId 1035 and is_magic_checkout_order is set to no
2026-08-19T08:25:05+00:00 INFO razorpayOrderId order_TRYqfRtTDhhLug | sessionKey razorpay_order_id1035
2026-08-19T08:25:05+00:00 INFO Called verifyOrderAmount with params orderId 1035 and rzporderId order_TRYqfRtTDhhLug
2026-08-19T08:25:05+00:00 INFO Called getOrderCreationData with params orderId 1035
2026-08-19T08:25:05+00:00 INFO Called getOrderCreationData with params orderId 1035 and is1ccOrder is set to no
2026-08-19T08:25:34+00:00 INFO Woocommerce orderId: 1035 webhook process intitiated for event: payment.authorized
2026-08-19T08:25:34+00:00 INFO webhook event saved for order:1035
2026-08-19T08:25:46+00:00 INFO Called check_razorpay_response: wc_order_xtGmjuqKTzW2M and POST data is {"razorpay_payment_id":"pay_TRYsfV51tbiK1i","razorpay_signature":"b6ffb4b0171b8455619f5e71b31e657a5756016eaa405ac3ced4ac88dcfc9e6b","razorpay_wc_form_submit":"1"}
2026-08-19T08:25:46+00:00 INFO HPOS is enabled and order status: pending
2026-08-19T08:25:46+00:00 INFO Get order id in check_razorpay_response: orderId 1035
2026-08-19T08:25:46+00:00 INFO verifySignature orderId: 1035
2026-08-19T08:25:46+00:00 INFO verifySignature attr
2026-08-19T08:25:46+00:00 INFO {"razorpay_payment_id":"pay_TRYsfV51tbiK1i","razorpay_signature":"b6ffb4b0171b8455619f5e71b31e657a5756016eaa405ac3ced4ac88dcfc9e6b","razorpay_order_id":"order_TRYqfRtTDhhLug"}
2026-08-19T08:25:46+00:00 INFO updateOrder orderId: 1035 , razorpayPaymentId: pay_TRYsfV51tbiK1i , success: 1
2026-08-19T08:25:46+00:00 INFO Order details check initiated step 1 for the orderId: 1035
2026-08-19T08:25:46+00:00 INFO Woocommerce orderId: 1035 processed through callback
2026-08-19T08:29:10+00:00 INFO Running webhook cron.
2026-08-19T08:29:10+00:00 INFO Webhook cron execution completed.
2026-08-19T08:34:39+00:00 INFO Called process_payment with params order_id 1032
2026-08-19T08:34:39+00:00 INFO Set transient with key razorpay_wc_order_id params order_id 1032
2026-08-19T08:34:40+00:00 INFO getRazorpayPaymentParams 1032
2026-08-19T08:34:40+00:00 INFO createOrGetRazorpayOrderId 1032 and is1ccCheckout is set to no
2026-08-19T08:34:40+00:00 INFO Called createOrGetRazorpayOrderId with params orderId 1032 and is_magic_checkout_order is set to no
2026-08-19T08:34:40+00:00 INFO razorpayOrderId order_TRYnwowySceCwa | sessionKey razorpay_order_id1032
2026-08-19T08:34:40+00:00 INFO Called verifyOrderAmount with params orderId 1032 and rzporderId order_TRYnwowySceCwa
2026-08-19T08:34:40+00:00 INFO Called getOrderCreationData with params orderId 1032
2026-08-19T08:34:40+00:00 INFO Called getOrderCreationData with params orderId 1032 and is1ccOrder is set to no
2026-08-19T08:35:37+00:00 INFO Running webhook cron.
2026-08-19T08:35:37+00:00 INFO Webhook cron execution completed.
2026-08-19T08:38:13+00:00 INFO Called process_payment with params order_id 1038
2026-08-19T08:38:13+00:00 INFO Set transient with key razorpay_wc_order_id params order_id 1038
2026-08-19T08:38:13+00:00 INFO getRazorpayPaymentParams 1038
2026-08-19T08:38:13+00:00 INFO createOrGetRazorpayOrderId 1038 and is1ccCheckout is set to no
2026-08-19T08:38:13+00:00 INFO Called createOrGetRazorpayOrderId with params orderId 1038 and is_magic_checkout_order is set to no
2026-08-19T08:38:13+00:00 INFO razorpayOrderId  | sessionKey razorpay_order_id1038
2026-08-19T08:38:13+00:00 INFO Called createRazorpayOrderId with params orderId 1038 and sessionKey razorpay_order_id1038
2026-08-19T08:38:13+00:00 INFO Called getOrderCreationData with params orderId 1038
2026-08-19T08:38:13+00:00 INFO Called getOrderCreationData with params orderId 1038 and is1ccOrder is set to no
2026-08-19T08:38:13+00:00 INFO For order 1038
2026-08-19T08:38:13+00:00 INFO {"receipt":"1038","amount":30900,"currency":"INR","payment_capture":0,"app_offer":0,"notes":{"woocommerce_order_id":"1038","woocommerce_order_number":"1038"}}
2026-08-19T08:38:13+00:00 INFO Meta data saved for Order ID 1038 with key razorpay_order_id1038 and value order_TRZ64FBZYczwMK.
2026-08-19T08:38:13+00:00 INFO For order session key razorpay_order_id1038
2026-08-19T08:39:39+00:00 INFO Running webhook cron.
2026-08-19T08:39:39+00:00 INFO Webhook cron execution completed.
2026-08-19T08:41:10+00:00 INFO Called process_payment with params order_id 1038
2026-08-19T08:41:10+00:00 INFO Set transient with key razorpay_wc_order_id params order_id 1038
2026-08-19T08:41:10+00:00 INFO getRazorpayPaymentParams 1038
2026-08-19T08:41:10+00:00 INFO createOrGetRazorpayOrderId 1038 and is1ccCheckout is set to no
2026-08-19T08:41:10+00:00 INFO Called createOrGetRazorpayOrderId with params orderId 1038 and is_magic_checkout_order is set to no
2026-08-19T08:41:10+00:00 INFO razorpayOrderId order_TRZ64FBZYczwMK | sessionKey razorpay_order_id1038
2026-08-19T08:41:10+00:00 INFO Called verifyOrderAmount with params orderId 1038 and rzporderId order_TRZ64FBZYczwMK
2026-08-19T08:41:10+00:00 INFO Called getOrderCreationData with params orderId 1038
2026-08-19T08:41:10+00:00 INFO Called getOrderCreationData with params orderId 1038 and is1ccOrder is set to no
2026-08-19T08:44:15+00:00 INFO Running webhook cron.
2026-08-19T08:44:15+00:00 INFO Webhook cron execution completed.
2026-08-19T08:49:18+00:00 INFO Running webhook cron.
2026-08-19T08:49:18+00:00 INFO Webhook cron execution completed.
2026-08-19T08:54:39+00:00 INFO Running webhook cron.
2026-08-19T08:54:39+00:00 INFO Webhook cron execution completed.
2026-08-19T09:00:02+00:00 INFO Running webhook cron.
2026-08-19T09:00:02+00:00 INFO Webhook cron execution completed.
2026-08-19T09:04:05+00:00 INFO Running webhook cron.
2026-08-19T09:04:05+00:00 INFO Webhook cron execution completed.
2026-08-19T09:10:06+00:00 INFO Running webhook cron.
2026-08-19T09:10:06+00:00 INFO Webhook cron execution completed.
2026-08-19T09:14:09+00:00 INFO Running webhook cron.
2026-08-19T09:14:09+00:00 INFO Webhook cron execution completed.
2026-08-19T09:18:20+00:00 INFO getRazorpayPaymentParams 1038
2026-08-19T09:18:20+00:00 INFO createOrGetRazorpayOrderId 1038 and is1ccCheckout is set to no
2026-08-19T09:18:20+00:00 INFO Called createOrGetRazorpayOrderId with params orderId 1038 and is_magic_checkout_order is set to no
2026-08-19T09:18:20+00:00 INFO razorpayOrderId order_TRZ64FBZYczwMK | sessionKey razorpay_order_id1038
2026-08-19T09:18:20+00:00 INFO Called verifyOrderAmount with params orderId 1038 and rzporderId order_TRZ64FBZYczwMK
2026-08-19T09:18:20+00:00 INFO Called getOrderCreationData with params orderId 1038
2026-08-19T09:18:20+00:00 INFO Called getOrderCreationData with params orderId 1038 and is1ccOrder is set to no
2026-08-19T09:20:13+00:00 INFO Running webhook cron.
2026-08-19T09:20:13+00:00 INFO Webhook cron execution completed.
2026-08-19T09:24:43+00:00 INFO Running webhook cron.
2026-08-19T09:24:43+00:00 INFO Webhook cron execution completed.
2026-08-19T09:29:21+00:00 INFO Running webhook cron.
2026-08-19T09:29:21+00:00 INFO Webhook cron execution completed.
2026-08-19T09:35:13+00:00 INFO Running webhook cron.
2026-08-19T09:35:13+00:00 INFO Webhook cron execution completed.
2026-08-19T09:35:44+00:00 INFO Called process_payment with params order_id 1039
2026-08-19T09:35:44+00:00 INFO Set transient with key razorpay_wc_order_id params order_id 1039
2026-08-19T09:35:45+00:00 INFO getRazorpayPaymentParams 1039
2026-08-19T09:35:45+00:00 INFO createOrGetRazorpayOrderId 1039 and is1ccCheckout is set to no
2026-08-19T09:35:45+00:00 INFO Called createOrGetRazorpayOrderId with params orderId 1039 and is_magic_checkout_order is set to no
2026-08-19T09:35:45+00:00 INFO razorpayOrderId  | sessionKey razorpay_order_id1039
2026-08-19T09:35:45+00:00 INFO Called createRazorpayOrderId with params orderId 1039 and sessionKey razorpay_order_id1039
2026-08-19T09:35:45+00:00 INFO Called getOrderCreationData with params orderId 1039
2026-08-19T09:35:45+00:00 INFO Called getOrderCreationData with params orderId 1039 and is1ccOrder is set to no
2026-08-19T09:35:45+00:00 INFO For order 1039
2026-08-19T09:35:45+00:00 INFO {"receipt":"1039","amount":50300,"currency":"INR","payment_capture":0,"app_offer":0,"notes":{"woocommerce_order_id":"1039","woocommerce_order_number":"1039"}}
2026-08-19T09:35:45+00:00 INFO Meta data saved for Order ID 1039 with key razorpay_order_id1039 and value order_TRa4pkZjBWEQQK.
2026-08-19T09:35:45+00:00 INFO For order session key razorpay_order_id1039
2026-08-19T09:36:45+00:00 INFO Woocommerce orderId: 1039 webhook process intitiated for event: payment.authorized
2026-08-19T09:36:45+00:00 INFO webhook event saved for order:1039
2026-08-19T09:36:58+00:00 INFO Called check_razorpay_response: wc_order_aPnGA93s3VL14 and POST data is {"razorpay_payment_id":"pay_TRa5qFsAMOaxuW","razorpay_signature":"e0f627b81a6a6b826cfa3cb188bad667bfeec5d62b15eeb39e30202415434f9d","razorpay_wc_form_submit":"1"}
2026-08-19T09:36:58+00:00 INFO HPOS is enabled and order status: pending
2026-08-19T09:36:58+00:00 INFO Get order id in check_razorpay_response: orderId 1039
2026-08-19T09:36:58+00:00 INFO verifySignature orderId: 1039
2026-08-19T09:36:58+00:00 INFO verifySignature attr
2026-08-19T09:36:58+00:00 INFO {"razorpay_payment_id":"pay_TRa5qFsAMOaxuW","razorpay_signature":"e0f627b81a6a6b826cfa3cb188bad667bfeec5d62b15eeb39e30202415434f9d","razorpay_order_id":"order_TRa4pkZjBWEQQK"}
2026-08-19T09:36:58+00:00 INFO updateOrder orderId: 1039 , razorpayPaymentId: pay_TRa5qFsAMOaxuW , success: 1
2026-08-19T09:36:58+00:00 INFO Order details check initiated step 1 for the orderId: 1039
2026-08-19T09:36:58+00:00 INFO Woocommerce orderId: 1039 processed through callback
2026-08-19T09:39:14+00:00 INFO Running webhook cron.
2026-08-19T09:39:14+00:00 INFO Webhook cron execution completed.
2026-08-19T09:44:17+00:00 INFO Running webhook cron.
2026-08-19T09:44:17+00:00 INFO Webhook cron execution completed.
2026-08-19T09:49:27+00:00 INFO Running webhook cron.
2026-08-19T09:49:27+00:00 INFO Webhook cron execution completed.
2026-08-19T09:54:27+00:00 INFO Running webhook cron.
2026-08-19T09:54:27+00:00 INFO Webhook cron execution completed.
2026-08-19T09:59:06+00:00 INFO Running webhook cron.
2026-08-19T09:59:06+00:00 INFO Webhook cron execution completed.
2026-08-19T10:04:25+00:00 INFO Running webhook cron.
2026-08-19T10:04:25+00:00 INFO Webhook cron execution completed.
2026-08-19T10:09:34+00:00 INFO Running webhook cron.
2026-08-19T10:09:34+00:00 INFO Webhook cron execution completed.
2026-08-19T10:14:07+00:00 INFO Running webhook cron.
2026-08-19T10:14:07+00:00 INFO Webhook cron execution completed.
2026-08-19T10:19:14+00:00 INFO Running webhook cron.
2026-08-19T10:19:14+00:00 INFO Webhook cron execution completed.
2026-08-19T10:20:38+00:00 INFO Called process_payment with params order_id 1041
2026-08-19T10:20:38+00:00 INFO Set transient with key razorpay_wc_order_id params order_id 1041
2026-08-19T10:20:38+00:00 INFO getRazorpayPaymentParams 1041
2026-08-19T10:20:38+00:00 INFO createOrGetRazorpayOrderId 1041 and is1ccCheckout is set to no
2026-08-19T10:20:38+00:00 INFO Called createOrGetRazorpayOrderId with params orderId 1041 and is_magic_checkout_order is set to no
2026-08-19T10:20:38+00:00 INFO razorpayOrderId  | sessionKey razorpay_order_id1041
2026-08-19T10:20:38+00:00 INFO Called createRazorpayOrderId with params orderId 1041 and sessionKey razorpay_order_id1041
2026-08-19T10:20:38+00:00 INFO Called getOrderCreationData with params orderId 1041
2026-08-19T10:20:38+00:00 INFO Called getOrderCreationData with params orderId 1041 and is1ccOrder is set to no
2026-08-19T10:20:38+00:00 INFO For order 1041
2026-08-19T10:20:38+00:00 INFO {"receipt":"1041","amount":29200,"currency":"INR","payment_capture":0,"app_offer":0,"notes":{"woocommerce_order_id":"1041","woocommerce_order_number":"1041"}}
2026-08-19T10:20:38+00:00 INFO Meta data saved for Order ID 1041 with key razorpay_order_id1041 and value order_TRaqFmbUUIRVoF.
2026-08-19T10:20:38+00:00 INFO For order session key razorpay_order_id1041
2026-08-19T10:23:03+00:00 INFO Woocommerce orderId: 1041 webhook process intitiated for event: payment.authorized
2026-08-19T10:23:03+00:00 INFO webhook event saved for order:1041
2026-08-19T10:23:15+00:00 INFO Called check_razorpay_response: wc_order_Uvub8g5ukKVcU and POST data is {"razorpay_payment_id":"pay_TRaskWO3eeOsRt","razorpay_signature":"19a16b6fd35578f3e5718bf79b080345a253bb7e5edf50165f6cc1190e454349","razorpay_wc_form_submit":"1"}
2026-08-19T10:23:15+00:00 INFO HPOS is enabled and order status: pending
2026-08-19T10:23:15+00:00 INFO Get order id in check_razorpay_response: orderId 1041
2026-08-19T10:23:15+00:00 INFO verifySignature orderId: 1041
2026-08-19T10:23:15+00:00 INFO verifySignature attr
2026-08-19T10:23:15+00:00 INFO {"razorpay_payment_id":"pay_TRaskWO3eeOsRt","razorpay_signature":"19a16b6fd35578f3e5718bf79b080345a253bb7e5edf50165f6cc1190e454349","razorpay_order_id":"order_TRaqFmbUUIRVoF"}
2026-08-19T10:23:15+00:00 INFO updateOrder orderId: 1041 , razorpayPaymentId: pay_TRaskWO3eeOsRt , success: 1
2026-08-19T10:23:15+00:00 INFO Order details check initiated step 1 for the orderId: 1041
2026-08-19T10:23:16+00:00 INFO Woocommerce orderId: 1041 processed through callback
2026-08-19T10:24:12+00:00 INFO Running webhook cron.
2026-08-19T10:24:12+00:00 INFO Webhook cron execution completed.
2026-08-19T10:29:12+00:00 INFO Running webhook cron.
2026-08-19T10:29:12+00:00 INFO Webhook cron execution completed.
2026-08-19T10:34:15+00:00 INFO Running webhook cron.
2026-08-19T10:34:15+00:00 INFO Webhook cron execution completed.
2026-08-19T10:42:36+00:00 INFO Running webhook cron.
2026-08-19T10:42:36+00:00 INFO Webhook cron execution completed.
2026-08-19T10:44:54+00:00 INFO Running webhook cron.
2026-08-19T10:44:54+00:00 INFO Webhook cron execution completed.
2026-08-19T10:49:05+00:00 INFO Running webhook cron.
2026-08-19T10:49:05+00:00 INFO Webhook cron execution completed.
2026-08-19T10:58:30+00:00 INFO Running webhook cron.
2026-08-19T10:58:30+00:00 INFO Webhook cron execution completed.
2026-08-19T11:02:37+00:00 INFO Running webhook cron.
2026-08-19T11:02:37+00:00 INFO Webhook cron execution completed.
2026-08-19T11:11:18+00:00 INFO Running webhook cron.
2026-08-19T11:11:18+00:00 INFO Webhook cron execution completed.
2026-08-19T11:16:05+00:00 INFO Running webhook cron.
2026-08-19T11:16:05+00:00 INFO Webhook cron execution completed.
2026-08-19T11:28:45+00:00 INFO Running webhook cron.
2026-08-19T11:28:45+00:00 INFO Webhook cron execution completed.
2026-08-19T11:29:07+00:00 INFO Running webhook cron.
2026-08-19T11:29:07+00:00 INFO Webhook cron execution completed.
2026-08-19T11:37:49+00:00 INFO Running webhook cron.
2026-08-19T11:37:49+00:00 INFO Webhook cron execution completed.
2026-08-19T11:41:41+00:00 INFO Running webhook cron.
2026-08-19T11:41:41+00:00 INFO Webhook cron execution completed.
2026-08-19T11:46:16+00:00 INFO Running webhook cron.
2026-08-19T11:46:16+00:00 INFO Webhook cron execution completed.
2026-08-19T11:50:27+00:00 INFO Running webhook cron.
2026-08-19T11:50:27+00:00 INFO Webhook cron execution completed.
2026-08-19T11:59:28+00:00 INFO Running webhook cron.
2026-08-19T11:59:28+00:00 INFO Webhook cron execution completed.
2026-08-19T12:12:35+00:00 INFO Running webhook cron.
2026-08-19T12:12:35+00:00 INFO Webhook cron execution completed.
2026-08-19T12:14:54+00:00 INFO Running webhook cron.
2026-08-19T12:14:54+00:00 INFO Webhook cron execution completed.
2026-08-19T12:21:31+00:00 INFO Running webhook cron.
2026-08-19T12:21:31+00:00 INFO Webhook cron execution completed.
2026-08-19T12:32:27+00:00 INFO Running webhook cron.
2026-08-19T12:32:27+00:00 INFO Webhook cron execution completed.
2026-08-19T12:34:25+00:00 INFO Running webhook cron.
2026-08-19T12:34:25+00:00 INFO Webhook cron execution completed.
2026-08-19T12:39:21+00:00 INFO Running webhook cron.
2026-08-19T12:39:21+00:00 INFO Webhook cron execution completed.
2026-08-19T12:45:21+00:00 INFO Running webhook cron.
2026-08-19T12:45:21+00:00 INFO Webhook cron execution completed.
2026-08-19T12:49:19+00:00 INFO Running webhook cron.
2026-08-19T12:49:19+00:00 INFO Webhook cron execution completed.
2026-08-19T12:58:19+00:00 INFO Running webhook cron.
2026-08-19T12:58:19+00:00 INFO Webhook cron execution completed.
2026-08-19T13:01:37+00:00 INFO Running webhook cron.
2026-08-19T13:01:37+00:00 INFO Webhook cron execution completed.
2026-08-19T13:13:42+00:00 INFO Running webhook cron.
2026-08-19T13:13:42+00:00 INFO Webhook cron execution completed.
2026-08-19T13:14:51+00:00 INFO Running webhook cron.
2026-08-19T13:14:51+00:00 INFO Webhook cron execution completed.
2026-08-19T13:22:26+00:00 INFO Running webhook cron.
2026-08-19T13:22:26+00:00 INFO Webhook cron execution completed.
2026-08-19T13:24:50+00:00 INFO Running webhook cron.
2026-08-19T13:24:50+00:00 INFO Webhook cron execution completed.
2026-08-19T13:29:34+00:00 INFO Running webhook cron.
2026-08-19T13:29:34+00:00 INFO Webhook cron execution completed.
2026-08-19T13:37:43+00:00 INFO Running webhook cron.
2026-08-19T13:37:43+00:00 INFO Webhook cron execution completed.
2026-08-19T13:43:57+00:00 INFO Running webhook cron.
2026-08-19T13:43:57+00:00 INFO Webhook cron execution completed.
2026-08-19T13:45:46+00:00 INFO Running webhook cron.
2026-08-19T13:45:46+00:00 INFO Webhook cron execution completed.
2026-08-19T13:50:36+00:00 INFO Running webhook cron.
2026-08-19T13:50:36+00:00 INFO Webhook cron execution completed.
2026-08-19T13:54:28+00:00 INFO Running webhook cron.
2026-08-19T13:54:28+00:00 INFO Webhook cron execution completed.
2026-08-19T14:18:47+00:00 INFO Running webhook cron.
2026-08-19T14:18:47+00:00 INFO Webhook cron execution completed.
2026-08-19T14:28:39+00:00 INFO Running webhook cron.
2026-08-19T14:28:39+00:00 INFO Webhook cron execution completed.
2026-08-19T14:49:07+00:00 INFO Running webhook cron.
2026-08-19T14:49:07+00:00 INFO Webhook cron execution completed.
2026-08-19T15:00:07+00:00 INFO Running webhook cron.
2026-08-19T15:00:07+00:00 INFO Webhook cron execution completed.
2026-08-19T15:05:13+00:00 INFO Running webhook cron.
2026-08-19T15:05:13+00:00 INFO Webhook cron execution completed.
2026-08-19T15:18:16+00:00 INFO Running webhook cron.
2026-08-19T15:18:16+00:00 INFO Webhook cron execution completed.
2026-08-19T15:25:33+00:00 INFO Running webhook cron.
2026-08-19T15:25:33+00:00 INFO Webhook cron execution completed.
2026-08-19T15:29:11+00:00 INFO Running webhook cron.
2026-08-19T15:29:11+00:00 INFO Webhook cron execution completed.
2026-08-19T15:55:34+00:00 INFO Running webhook cron.
2026-08-19T15:55:34+00:00 INFO Webhook cron execution completed.
2026-08-19T16:07:12+00:00 INFO Running webhook cron.
2026-08-19T16:07:12+00:00 INFO Webhook cron execution completed.
2026-08-19T16:11:05+00:00 INFO Running webhook cron.
2026-08-19T16:11:05+00:00 INFO Webhook cron execution completed.
2026-08-19T16:15:24+00:00 INFO Running webhook cron.
2026-08-19T16:15:24+00:00 INFO Webhook cron execution completed.
2026-08-19T16:19:38+00:00 INFO Running webhook cron.
2026-08-19T16:19:38+00:00 INFO Webhook cron execution completed.
2026-08-19T16:25:24+00:00 INFO Running webhook cron.
2026-08-19T16:25:24+00:00 INFO Webhook cron execution completed.
2026-08-19T16:31:14+00:00 INFO Running webhook cron.
2026-08-19T16:31:14+00:00 INFO Webhook cron execution completed.
2026-08-19T16:35:23+00:00 INFO Running webhook cron.
2026-08-19T16:35:23+00:00 INFO Webhook cron execution completed.
2026-08-19T16:47:29+00:00 INFO Running webhook cron.
2026-08-19T16:47:29+00:00 INFO Webhook cron execution completed.
2026-08-19T16:54:30+00:00 INFO Running webhook cron.
2026-08-19T16:54:30+00:00 INFO Webhook cron execution completed.
2026-08-19T17:01:13+00:00 INFO Running webhook cron.
2026-08-19T17:01:13+00:00 INFO Webhook cron execution completed.
2026-08-19T17:04:28+00:00 INFO Running webhook cron.
2026-08-19T17:04:28+00:00 INFO Webhook cron execution completed.
2026-08-19T17:09:37+00:00 INFO Running webhook cron.
2026-08-19T17:09:37+00:00 INFO Webhook cron execution completed.
2026-08-19T17:15:41+00:00 INFO Running webhook cron.
2026-08-19T17:15:41+00:00 INFO Webhook cron execution completed.
2026-08-19T17:29:04+00:00 INFO Running webhook cron.
2026-08-19T17:29:04+00:00 INFO Webhook cron execution completed.
2026-08-19T17:29:08+00:00 INFO Running webhook cron.
2026-08-19T17:29:08+00:00 INFO Webhook cron execution completed.
2026-08-19T17:36:16+00:00 INFO Running webhook cron.
2026-08-19T17:36:16+00:00 INFO Webhook cron execution completed.
2026-08-19T17:43:25+00:00 INFO Running webhook cron.
2026-08-19T17:43:25+00:00 INFO Webhook cron execution completed.
2026-08-19T17:47:26+00:00 INFO Running webhook cron.
2026-08-19T17:47:26+00:00 INFO Webhook cron execution completed.
2026-08-19T17:52:07+00:00 INFO Running webhook cron.
2026-08-19T17:52:07+00:00 INFO Webhook cron execution completed.
2026-08-19T18:09:23+00:00 INFO Running webhook cron.
2026-08-19T18:09:23+00:00 INFO Webhook cron execution completed.
2026-08-19T18:42:07+00:00 INFO Running webhook cron.
2026-08-19T18:42:07+00:00 INFO Webhook cron execution completed.
2026-08-19T18:50:31+00:00 INFO Running webhook cron.
2026-08-19T18:50:31+00:00 INFO Webhook cron execution completed.
2026-08-19T19:03:09+00:00 INFO Running webhook cron.
2026-08-19T19:03:09+00:00 INFO Webhook cron execution completed.
2026-08-19T19:10:03+00:00 INFO Running webhook cron.
2026-08-19T19:10:03+00:00 INFO Webhook cron execution completed.
2026-08-19T19:14:06+00:00 INFO Running webhook cron.
2026-08-19T19:14:06+00:00 INFO Webhook cron execution completed.
2026-08-19T19:30:01+00:00 INFO Running webhook cron.
2026-08-19T19:30:01+00:00 INFO Webhook cron execution completed.
2026-08-19T19:43:50+00:00 INFO Running webhook cron.
2026-08-19T19:43:50+00:00 INFO Webhook cron execution completed.
2026-08-19T19:55:48+00:00 INFO Running webhook cron.
2026-08-19T19:55:48+00:00 INFO Webhook cron execution completed.
2026-08-19T20:26:03+00:00 INFO Running webhook cron.
2026-08-19T20:26:03+00:00 INFO Webhook cron execution completed.
2026-08-19T20:30:56+00:00 INFO Running webhook cron.
2026-08-19T20:30:56+00:00 INFO Webhook cron execution completed.
2026-08-19T20:34:57+00:00 INFO Running webhook cron.
2026-08-19T20:34:57+00:00 INFO Webhook cron execution completed.
2026-08-19T21:01:22+00:00 INFO Running webhook cron.
2026-08-19T21:01:22+00:00 INFO Webhook cron execution completed.
2026-08-19T21:10:31+00:00 INFO Running webhook cron.
2026-08-19T21:10:31+00:00 INFO Webhook cron execution completed.
2026-08-19T21:35:16+00:00 INFO Running webhook cron.
2026-08-19T21:35:16+00:00 INFO Webhook cron execution completed.
2026-08-19T21:44:04+00:00 INFO Running webhook cron.
2026-08-19T21:44:04+00:00 INFO Webhook cron execution completed.
2026-08-19T21:45:52+00:00 INFO Running webhook cron.
2026-08-19T21:45:52+00:00 INFO Webhook cron execution completed.
2026-08-19T21:49:16+00:00 INFO Running webhook cron.
2026-08-19T21:49:16+00:00 INFO Webhook cron execution completed.
2026-08-19T21:54:50+00:00 INFO Running webhook cron.
2026-08-19T21:54:50+00:00 INFO Webhook cron execution completed.
2026-08-19T22:16:02+00:00 INFO Running webhook cron.
2026-08-19T22:16:02+00:00 INFO Webhook cron execution completed.
2026-08-19T22:19:08+00:00 INFO Running webhook cron.
2026-08-19T22:19:08+00:00 INFO Webhook cron execution completed.
2026-08-19T22:44:48+00:00 INFO Running webhook cron.
2026-08-19T22:44:48+00:00 INFO Webhook cron execution completed.
2026-08-19T23:07:56+00:00 INFO Running webhook cron.
2026-08-19T23:07:56+00:00 INFO Webhook cron execution completed.
2026-08-19T23:09:41+00:00 INFO Running webhook cron.
2026-08-19T23:09:41+00:00 INFO Webhook cron execution completed.
