2026-08-24T00:17:09+00:00 INFO Running webhook cron.
2026-08-24T00:17:09+00:00 INFO Webhook cron execution completed.
2026-08-24T00:38:24+00:00 INFO Running webhook cron.
2026-08-24T00:38:24+00:00 INFO Webhook cron execution completed.
2026-08-24T00:44:09+00:00 INFO Running webhook cron.
2026-08-24T00:44:09+00:00 INFO Webhook cron execution completed.
2026-08-24T01:04:35+00:00 INFO Running webhook cron.
2026-08-24T01:04:35+00:00 INFO Webhook cron execution completed.
2026-08-24T01:12:56+00:00 INFO Running webhook cron.
2026-08-24T01:12:56+00:00 INFO Webhook cron execution completed.
2026-08-24T01:25:20+00:00 INFO Running webhook cron.
2026-08-24T01:25:20+00:00 INFO Webhook cron execution completed.
2026-08-24T01:51:29+00:00 INFO Running webhook cron.
2026-08-24T01:51:29+00:00 INFO Webhook cron execution completed.
2026-08-24T01:54:41+00:00 INFO Running webhook cron.
2026-08-24T01:54:41+00:00 INFO Webhook cron execution completed.
2026-08-24T02:09:02+00:00 INFO Running webhook cron.
2026-08-24T02:09:02+00:00 INFO Webhook cron execution completed.
2026-08-24T02:23:40+00:00 INFO Running webhook cron.
2026-08-24T02:23:40+00:00 INFO Webhook cron execution completed.
2026-08-24T02:27:29+00:00 INFO Running webhook cron.
2026-08-24T02:27:29+00:00 INFO Webhook cron execution completed.
2026-08-24T02:31:21+00:00 INFO Running webhook cron.
2026-08-24T02:31:21+00:00 INFO Webhook cron execution completed.
2026-08-24T02:34:23+00:00 INFO Running webhook cron.
2026-08-24T02:34:23+00:00 INFO Webhook cron execution completed.
2026-08-24T02:47:30+00:00 INFO Running webhook cron.
2026-08-24T02:47:30+00:00 INFO Webhook cron execution completed.
2026-08-24T02:50:52+00:00 INFO Running webhook cron.
2026-08-24T02:50:52+00:00 INFO Webhook cron execution completed.
2026-08-24T02:59:12+00:00 INFO Running webhook cron.
2026-08-24T02:59:12+00:00 INFO Webhook cron execution completed.
2026-08-24T03:05:10+00:00 INFO Running webhook cron.
2026-08-24T03:05:10+00:00 INFO Webhook cron execution completed.
2026-08-24T03:09:53+00:00 INFO Running webhook cron.
2026-08-24T03:09:53+00:00 INFO Webhook cron execution completed.
2026-08-24T03:24:09+00:00 INFO Running webhook cron.
2026-08-24T03:24:09+00:00 INFO Webhook cron execution completed.
2026-08-24T03:37:20+00:00 INFO Running webhook cron.
2026-08-24T03:37:20+00:00 INFO Webhook cron execution completed.
2026-08-24T03:39:18+00:00 INFO Running webhook cron.
2026-08-24T03:39:18+00:00 INFO Webhook cron execution completed.
2026-08-24T03:59:29+00:00 INFO Running webhook cron.
2026-08-24T03:59:29+00:00 INFO Webhook cron execution completed.
2026-08-24T04:07:06+00:00 INFO Running webhook cron.
2026-08-24T04:07:06+00:00 INFO Webhook cron execution completed.
2026-08-24T04:10:40+00:00 INFO Running webhook cron.
2026-08-24T04:10:40+00:00 INFO Webhook cron execution completed.
2026-08-24T04:34:15+00:00 INFO Running webhook cron.
2026-08-24T04:34:15+00:00 INFO Webhook cron execution completed.
2026-08-24T04:40:53+00:00 INFO Running webhook cron.
2026-08-24T04:40:53+00:00 INFO Webhook cron execution completed.
2026-08-24T04:47:38+00:00 INFO Running webhook cron.
2026-08-24T04:47:38+00:00 INFO Webhook cron execution completed.
2026-08-24T04:59:49+00:00 INFO Running webhook cron.
2026-08-24T04:59:49+00:00 INFO Webhook cron execution completed.
2026-08-24T05:07:51+00:00 INFO Running webhook cron.
2026-08-24T05:07:51+00:00 INFO Webhook cron execution completed.
2026-08-24T05:12:17+00:00 INFO Running webhook cron.
2026-08-24T05:12:17+00:00 INFO Webhook cron execution completed.
2026-08-24T05:14:59+00:00 INFO Running webhook cron.
2026-08-24T05:14:59+00:00 INFO Webhook cron execution completed.
2026-08-24T05:32:52+00:00 INFO Running webhook cron.
2026-08-24T05:32:52+00:00 INFO Webhook cron execution completed.
2026-08-24T05:38:17+00:00 INFO Running webhook cron.
2026-08-24T05:38:17+00:00 INFO Webhook cron execution completed.
2026-08-24T05:41:05+00:00 INFO Running webhook cron.
2026-08-24T05:41:05+00:00 INFO Webhook cron execution completed.
2026-08-24T05:51:25+00:00 INFO Running webhook cron.
2026-08-24T05:51:25+00:00 INFO Webhook cron execution completed.
2026-08-24T05:55:08+00:00 INFO Running webhook cron.
2026-08-24T05:55:08+00:00 INFO Webhook cron execution completed.
2026-08-24T05:59:06+00:00 INFO Running webhook cron.
2026-08-24T05:59:06+00:00 INFO Webhook cron execution completed.
2026-08-24T06:10:54+00:00 INFO Running webhook cron.
2026-08-24T06:10:54+00:00 INFO Webhook cron execution completed.
2026-08-24T06:15:35+00:00 INFO Running webhook cron.
2026-08-24T06:15:35+00:00 INFO Webhook cron execution completed.
2026-08-24T06:22:59+00:00 INFO Running webhook cron.
2026-08-24T06:22:59+00:00 INFO Webhook cron execution completed.
2026-08-24T06:33:49+00:00 INFO Running webhook cron.
2026-08-24T06:33:49+00:00 INFO Webhook cron execution completed.
2026-08-24T06:40:39+00:00 INFO Running webhook cron.
2026-08-24T06:40:39+00:00 INFO Webhook cron execution completed.
2026-08-24T06:44:21+00:00 INFO Running webhook cron.
2026-08-24T06:44:21+00:00 INFO Webhook cron execution completed.
2026-08-24T06:51:30+00:00 INFO Running webhook cron.
2026-08-24T06:51:30+00:00 INFO Webhook cron execution completed.
2026-08-24T06:59:17+00:00 INFO Running webhook cron.
2026-08-24T06:59:17+00:00 INFO Webhook cron execution completed.
2026-08-24T07:05:55+00:00 INFO Running webhook cron.
2026-08-24T07:05:55+00:00 INFO Webhook cron execution completed.
2026-08-24T07:10:57+00:00 INFO Running webhook cron.
2026-08-24T07:10:57+00:00 INFO Webhook cron execution completed.
2026-08-24T07:15:04+00:00 INFO Running webhook cron.
2026-08-24T07:15:04+00:00 INFO Webhook cron execution completed.
2026-08-24T07:20:03+00:00 INFO Running webhook cron.
2026-08-24T07:20:03+00:00 INFO Webhook cron execution completed.
2026-08-24T07:26:40+00:00 INFO Running webhook cron.
2026-08-24T07:26:40+00:00 INFO Webhook cron execution completed.
2026-08-24T07:44:08+00:00 INFO Running webhook cron.
2026-08-24T07:44:08+00:00 INFO Webhook cron execution completed.
2026-08-24T07:55:11+00:00 INFO Running webhook cron.
2026-08-24T07:55:11+00:00 INFO Webhook cron execution completed.
2026-08-24T08:00:01+00:00 INFO Running webhook cron.
2026-08-24T08:00:01+00:00 INFO Webhook cron execution completed.
2026-08-24T08:08:04+00:00 INFO Running webhook cron.
2026-08-24T08:08:04+00:00 INFO Webhook cron execution completed.
2026-08-24T08:09:05+00:00 INFO Running webhook cron.
2026-08-24T08:09:05+00:00 INFO Webhook cron execution completed.
2026-08-24T08:18:11+00:00 INFO Running webhook cron.
2026-08-24T08:18:11+00:00 INFO Webhook cron execution completed.
2026-08-24T08:23:51+00:00 INFO Running webhook cron.
2026-08-24T08:23:51+00:00 INFO Webhook cron execution completed.
2026-08-24T08:30:51+00:00 INFO Running webhook cron.
2026-08-24T08:30:51+00:00 INFO Webhook cron execution completed.
2026-08-24T08:43:26+00:00 INFO Running webhook cron.
2026-08-24T08:43:26+00:00 INFO Webhook cron execution completed.
2026-08-24T08:53:47+00:00 INFO Running webhook cron.
2026-08-24T08:53:47+00:00 INFO Webhook cron execution completed.
2026-08-24T08:54:16+00:00 INFO Running webhook cron.
2026-08-24T08:54:16+00:00 INFO Webhook cron execution completed.
2026-08-24T09:03:16+00:00 INFO Running webhook cron.
2026-08-24T09:03:16+00:00 INFO Webhook cron execution completed.
2026-08-24T09:12:23+00:00 INFO Running webhook cron.
2026-08-24T09:12:23+00:00 INFO Webhook cron execution completed.
2026-08-24T09:14:33+00:00 INFO Running webhook cron.
2026-08-24T09:14:33+00:00 INFO Webhook cron execution completed.
2026-08-24T09:19:25+00:00 INFO Running webhook cron.
2026-08-24T09:19:25+00:00 INFO Webhook cron execution completed.
2026-08-24T09:31:09+00:00 INFO Running webhook cron.
2026-08-24T09:31:09+00:00 INFO Webhook cron execution completed.
2026-08-24T09:34:25+00:00 INFO Running webhook cron.
2026-08-24T09:34:25+00:00 INFO Webhook cron execution completed.
2026-08-24T09:39:39+00:00 INFO Running webhook cron.
2026-08-24T09:39:39+00:00 INFO Webhook cron execution completed.
2026-08-24T09:56:37+00:00 INFO Running webhook cron.
2026-08-24T09:56:37+00:00 INFO Webhook cron execution completed.
2026-08-24T09:59:29+00:00 INFO Running webhook cron.
2026-08-24T09:59:29+00:00 INFO Webhook cron execution completed.
2026-08-24T10:23:19+00:00 INFO Running webhook cron.
2026-08-24T10:23:19+00:00 INFO Webhook cron execution completed.
2026-08-24T10:27:18+00:00 INFO Running webhook cron.
2026-08-24T10:27:18+00:00 INFO Webhook cron execution completed.
2026-08-24T10:30:39+00:00 INFO Running webhook cron.
2026-08-24T10:30:39+00:00 INFO Webhook cron execution completed.
2026-08-24T10:36:05+00:00 INFO Running webhook cron.
2026-08-24T10:36:05+00:00 INFO Webhook cron execution completed.
2026-08-24T10:44:13+00:00 INFO Running webhook cron.
2026-08-24T10:44:13+00:00 INFO Webhook cron execution completed.
2026-08-24T10:57:41+00:00 INFO Running webhook cron.
2026-08-24T10:57:41+00:00 INFO Webhook cron execution completed.
2026-08-24T11:00:27+00:00 INFO Running webhook cron.
2026-08-24T11:00:27+00:00 INFO Webhook cron execution completed.
2026-08-24T11:19:21+00:00 INFO Running webhook cron.
2026-08-24T11:19:21+00:00 INFO Webhook cron execution completed.
2026-08-24T11:28:33+00:00 INFO Running webhook cron.
2026-08-24T11:28:33+00:00 INFO Webhook cron execution completed.
2026-08-24T11:33:18+00:00 INFO Running webhook cron.
2026-08-24T11:33:18+00:00 INFO Webhook cron execution completed.
2026-08-24T11:36:07+00:00 INFO Running webhook cron.
2026-08-24T11:36:07+00:00 INFO Webhook cron execution completed.
2026-08-24T11:42:02+00:00 INFO Running webhook cron.
2026-08-24T11:42:02+00:00 INFO Webhook cron execution completed.
2026-08-24T11:48:16+00:00 INFO Running webhook cron.
2026-08-24T11:48:16+00:00 INFO Webhook cron execution completed.
2026-08-24T11:49:29+00:00 INFO Running webhook cron.
2026-08-24T11:49:29+00:00 INFO Webhook cron execution completed.
2026-08-24T12:01:53+00:00 INFO Running webhook cron.
2026-08-24T12:01:53+00:00 INFO Webhook cron execution completed.
2026-08-24T12:05:29+00:00 INFO Running webhook cron.
2026-08-24T12:05:29+00:00 INFO Webhook cron execution completed.
2026-08-24T12:34:18+00:00 INFO Running webhook cron.
2026-08-24T12:34:18+00:00 INFO Webhook cron execution completed.
2026-08-24T12:42:06+00:00 INFO Running webhook cron.
2026-08-24T12:42:06+00:00 INFO Webhook cron execution completed.
2026-08-24T12:48:47+00:00 INFO Running webhook cron.
2026-08-24T12:48:47+00:00 INFO Webhook cron execution completed.
2026-08-24T12:50:22+00:00 INFO Running webhook cron.
2026-08-24T12:50:22+00:00 INFO Webhook cron execution completed.
2026-08-24T12:57:41+00:00 INFO Running webhook cron.
2026-08-24T12:57:41+00:00 INFO Webhook cron execution completed.
2026-08-24T13:05:04+00:00 INFO Running webhook cron.
2026-08-24T13:05:04+00:00 INFO Webhook cron execution completed.
2026-08-24T13:16:56+00:00 INFO Running webhook cron.
2026-08-24T13:16:56+00:00 INFO Webhook cron execution completed.
2026-08-24T13:23:12+00:00 INFO Running webhook cron.
2026-08-24T13:23:12+00:00 INFO Webhook cron execution completed.
2026-08-24T13:31:52+00:00 INFO Running webhook cron.
2026-08-24T13:31:53+00:00 INFO Webhook cron execution completed.
2026-08-24T13:35:07+00:00 INFO Running webhook cron.
2026-08-24T13:35:07+00:00 INFO Webhook cron execution completed.
2026-08-24T13:39:08+00:00 INFO Running webhook cron.
2026-08-24T13:39:08+00:00 INFO Webhook cron execution completed.
2026-08-24T13:39:28+00:00 INFO Trying to create one_cc_address_sync_cron
2026-08-24T13:39:28+00:00 INFO Failed to create one_cc_address_sync_cron as invalid one cc merchant
2026-08-24T13:39:28+00:00 INFO Attempting to delete one_cc_address_sync_cron, status: cancelled, message: invalid_1cc_merchant
2026-08-24T13:39:28+00:00 INFO Deleted one_cc_address_sync_cron  if exists
2026-08-24T13:39:28+00:00 INFO updateAddressSyncCronData: status=cancelled, message=invalid_1cc_merchant, cronStatus=deleted
2026-08-24T13:39:28+00:00 INFO create one_cc_plugin_sync_cron successful
2026-08-24T13:50:34+00:00 INFO Running webhook cron.
2026-08-24T13:50:34+00:00 INFO Webhook cron execution completed.
2026-08-24T13:54:20+00:00 INFO Running webhook cron.
2026-08-24T13:54:20+00:00 INFO Webhook cron execution completed.
2026-08-24T14:02:38+00:00 INFO Running webhook cron.
2026-08-24T14:02:38+00:00 INFO Webhook cron execution completed.
2026-08-24T14:19:27+00:00 INFO Running webhook cron.
2026-08-24T14:19:27+00:00 INFO Webhook cron execution completed.
2026-08-24T14:27:50+00:00 INFO Running webhook cron.
2026-08-24T14:27:50+00:00 INFO Webhook cron execution completed.
2026-08-24T14:37:15+00:00 INFO Running webhook cron.
2026-08-24T14:37:15+00:00 INFO Webhook cron execution completed.
2026-08-24T14:47:58+00:00 INFO Running webhook cron.
2026-08-24T14:47:58+00:00 INFO Webhook cron execution completed.
2026-08-24T14:52:40+00:00 INFO Running webhook cron.
2026-08-24T14:52:40+00:00 INFO Webhook cron execution completed.
2026-08-24T15:08:58+00:00 INFO Running webhook cron.
2026-08-24T15:08:58+00:00 INFO Webhook cron execution completed.
2026-08-24T15:32:13+00:00 INFO Running webhook cron.
2026-08-24T15:32:13+00:00 INFO Webhook cron execution completed.
2026-08-24T15:47:05+00:00 INFO Running webhook cron.
2026-08-24T15:47:05+00:00 INFO Webhook cron execution completed.
2026-08-24T16:14:20+00:00 INFO Running webhook cron.
2026-08-24T16:14:20+00:00 INFO Webhook cron execution completed.
2026-08-24T16:25:25+00:00 INFO Running webhook cron.
2026-08-24T16:25:25+00:00 INFO Webhook cron execution completed.
2026-08-24T16:32:53+00:00 INFO Running webhook cron.
2026-08-24T16:32:53+00:00 INFO Webhook cron execution completed.
2026-08-24T16:42:01+00:00 INFO Running webhook cron.
2026-08-24T16:42:01+00:00 INFO Webhook cron execution completed.
2026-08-24T16:46:18+00:00 INFO Running webhook cron.
2026-08-24T16:46:18+00:00 INFO Webhook cron execution completed.
2026-08-24T16:56:39+00:00 INFO Running webhook cron.
2026-08-24T16:56:39+00:00 INFO Webhook cron execution completed.
2026-08-24T17:05:15+00:00 INFO Running webhook cron.
2026-08-24T17:05:15+00:00 INFO Webhook cron execution completed.
2026-08-24T17:20:15+00:00 INFO Running webhook cron.
2026-08-24T17:20:15+00:00 INFO Webhook cron execution completed.
2026-08-24T17:25:08+00:00 INFO Running webhook cron.
2026-08-24T17:25:08+00:00 INFO Webhook cron execution completed.
2026-08-24T17:39:19+00:00 INFO Running webhook cron.
2026-08-24T17:39:19+00:00 INFO Webhook cron execution completed.
2026-08-24T17:53:43+00:00 INFO Running webhook cron.
2026-08-24T17:53:43+00:00 INFO Webhook cron execution completed.
2026-08-24T18:07:28+00:00 INFO Running webhook cron.
2026-08-24T18:07:28+00:00 INFO Webhook cron execution completed.
2026-08-24T18:14:16+00:00 INFO Running webhook cron.
2026-08-24T18:14:16+00:00 INFO Webhook cron execution completed.
2026-08-24T18:31:19+00:00 INFO Running webhook cron.
2026-08-24T18:31:19+00:00 INFO Webhook cron execution completed.
2026-08-24T18:43:58+00:00 INFO Running webhook cron.
2026-08-24T18:43:58+00:00 INFO Webhook cron execution completed.
2026-08-24T18:46:25+00:00 INFO Running webhook cron.
2026-08-24T18:46:25+00:00 INFO Webhook cron execution completed.
2026-08-24T18:50:14+00:00 INFO Running webhook cron.
2026-08-24T18:50:14+00:00 INFO Webhook cron execution completed.
2026-08-24T18:55:09+00:00 INFO Running webhook cron.
2026-08-24T18:55:09+00:00 INFO Webhook cron execution completed.
2026-08-24T19:02:17+00:00 INFO Running webhook cron.
2026-08-24T19:02:17+00:00 INFO Webhook cron execution completed.
2026-08-24T19:49:05+00:00 INFO Running webhook cron.
2026-08-24T19:49:05+00:00 INFO Webhook cron execution completed.
2026-08-24T19:54:29+00:00 INFO Running webhook cron.
2026-08-24T19:54:29+00:00 INFO Webhook cron execution completed.
2026-08-24T19:59:05+00:00 INFO Running webhook cron.
2026-08-24T19:59:05+00:00 INFO Webhook cron execution completed.
2026-08-24T20:15:42+00:00 INFO Running webhook cron.
2026-08-24T20:15:42+00:00 INFO Webhook cron execution completed.
2026-08-24T21:03:05+00:00 INFO Running webhook cron.
2026-08-24T21:03:05+00:00 INFO Webhook cron execution completed.
2026-08-24T21:05:12+00:00 INFO Running webhook cron.
2026-08-24T21:05:12+00:00 INFO Webhook cron execution completed.
2026-08-24T21:14:17+00:00 INFO Running webhook cron.
2026-08-24T21:14:17+00:00 INFO Webhook cron execution completed.
2026-08-24T21:26:05+00:00 INFO Running webhook cron.
2026-08-24T21:26:05+00:00 INFO Webhook cron execution completed.
2026-08-24T21:29:14+00:00 INFO Running webhook cron.
2026-08-24T21:29:14+00:00 INFO Webhook cron execution completed.
2026-08-24T21:35:14+00:00 INFO Running webhook cron.
2026-08-24T21:35:14+00:00 INFO Webhook cron execution completed.
2026-08-24T21:56:11+00:00 INFO Running webhook cron.
2026-08-24T21:56:11+00:00 INFO Webhook cron execution completed.
2026-08-24T22:00:35+00:00 INFO Running webhook cron.
2026-08-24T22:00:35+00:00 INFO Webhook cron execution completed.
2026-08-24T22:06:02+00:00 INFO Running webhook cron.
2026-08-24T22:06:02+00:00 INFO Webhook cron execution completed.
2026-08-24T22:19:14+00:00 INFO Running webhook cron.
2026-08-24T22:19:14+00:00 INFO Webhook cron execution completed.
2026-08-24T22:26:00+00:00 INFO Running webhook cron.
2026-08-24T22:26:00+00:00 INFO Webhook cron execution completed.
2026-08-24T22:35:38+00:00 INFO Running webhook cron.
2026-08-24T22:35:38+00:00 INFO Webhook cron execution completed.
2026-08-24T22:40:31+00:00 INFO Running webhook cron.
2026-08-24T22:40:31+00:00 INFO Webhook cron execution completed.
2026-08-24T22:46:14+00:00 INFO Running webhook cron.
2026-08-24T22:46:14+00:00 INFO Webhook cron execution completed.
2026-08-24T23:00:52+00:00 INFO Running webhook cron.
2026-08-24T23:00:52+00:00 INFO Webhook cron execution completed.
2026-08-24T23:16:03+00:00 INFO Running webhook cron.
2026-08-24T23:16:03+00:00 INFO Webhook cron execution completed.
2026-08-24T23:28:01+00:00 INFO Running webhook cron.
2026-08-24T23:28:01+00:00 INFO Webhook cron execution completed.
2026-08-24T23:30:32+00:00 INFO Running webhook cron.
2026-08-24T23:30:32+00:00 INFO Webhook cron execution completed.
2026-08-24T23:36:04+00:00 INFO Running webhook cron.
2026-08-24T23:36:04+00:00 INFO Webhook cron execution completed.
2026-08-24T23:39:31+00:00 INFO Running webhook cron.
2026-08-24T23:39:31+00:00 INFO Webhook cron execution completed.
2026-08-24T23:45:48+00:00 INFO Running webhook cron.
2026-08-24T23:45:48+00:00 INFO Webhook cron execution completed.
2026-08-24T23:59:34+00:00 INFO Running webhook cron.
2026-08-24T23:59:34+00:00 INFO Webhook cron execution completed.
