2026-08-06T00:10:10+00:00 INFO Running webhook cron.
2026-08-06T00:10:10+00:00 INFO Webhook cron execution completed.
2026-08-06T00:23:58+00:00 INFO Running webhook cron.
2026-08-06T00:23:58+00:00 INFO Webhook cron execution completed.
2026-08-06T00:24:09+00:00 INFO Running webhook cron.
2026-08-06T00:24:09+00:00 INFO Webhook cron execution completed.
2026-08-06T00:39:01+00:00 INFO Running webhook cron.
2026-08-06T00:39:01+00:00 INFO Webhook cron execution completed.
2026-08-06T00:52:04+00:00 INFO Running webhook cron.
2026-08-06T00:52:04+00:00 INFO Webhook cron execution completed.
2026-08-06T00:54:32+00:00 INFO Running webhook cron.
2026-08-06T00:54:32+00:00 INFO Webhook cron execution completed.
2026-08-06T00:59:31+00:00 INFO Running webhook cron.
2026-08-06T00:59:31+00:00 INFO Webhook cron execution completed.
2026-08-06T01:13:30+00:00 INFO Running webhook cron.
2026-08-06T01:13:30+00:00 INFO Webhook cron execution completed.
2026-08-06T01:30:57+00:00 INFO Running webhook cron.
2026-08-06T01:30:57+00:00 INFO Webhook cron execution completed.
2026-08-06T01:41:34+00:00 INFO Running webhook cron.
2026-08-06T01:41:34+00:00 INFO Webhook cron execution completed.
2026-08-06T01:44:17+00:00 INFO Running webhook cron.
2026-08-06T01:44:17+00:00 INFO Webhook cron execution completed.
2026-08-06T01:51:43+00:00 INFO Running webhook cron.
2026-08-06T01:51:43+00:00 INFO Webhook cron execution completed.
2026-08-06T01:54:45+00:00 INFO Running webhook cron.
2026-08-06T01:54:45+00:00 INFO Webhook cron execution completed.
2026-08-06T02:00:42+00:00 INFO Running webhook cron.
2026-08-06T02:00:42+00:00 INFO Webhook cron execution completed.
2026-08-06T02:21:01+00:00 INFO Running webhook cron.
2026-08-06T02:21:01+00:00 INFO Webhook cron execution completed.
2026-08-06T02:24:50+00:00 INFO Running webhook cron.
2026-08-06T02:24:50+00:00 INFO Webhook cron execution completed.
2026-08-06T02:29:14+00:00 INFO Running webhook cron.
2026-08-06T02:29:14+00:00 INFO Webhook cron execution completed.
2026-08-06T02:39:14+00:00 INFO Running webhook cron.
2026-08-06T02:39:14+00:00 INFO Webhook cron execution completed.
2026-08-06T03:17:42+00:00 INFO Running webhook cron.
2026-08-06T03:17:42+00:00 INFO Webhook cron execution completed.
2026-08-06T03:32:34+00:00 INFO Running webhook cron.
2026-08-06T03:32:34+00:00 INFO Webhook cron execution completed.
2026-08-06T03:35:12+00:00 INFO Running webhook cron.
2026-08-06T03:35:12+00:00 INFO Webhook cron execution completed.
2026-08-06T03:41:15+00:00 INFO Running webhook cron.
2026-08-06T03:41:15+00:00 INFO Webhook cron execution completed.
2026-08-06T03:50:14+00:00 INFO Running webhook cron.
2026-08-06T03:50:14+00:00 INFO Webhook cron execution completed.
2026-08-06T03:58:27+00:00 INFO Running webhook cron.
2026-08-06T03:58:27+00:00 INFO Webhook cron execution completed.
2026-08-06T04:16:53+00:00 INFO Running webhook cron.
2026-08-06T04:16:53+00:00 INFO Webhook cron execution completed.
2026-08-06T04:33:25+00:00 INFO Running webhook cron.
2026-08-06T04:33:25+00:00 INFO Webhook cron execution completed.
2026-08-06T04:35:09+00:00 INFO Running webhook cron.
2026-08-06T04:35:09+00:00 INFO Webhook cron execution completed.
2026-08-06T04:40:05+00:00 INFO Running webhook cron.
2026-08-06T04:40:05+00:00 INFO Webhook cron execution completed.
2026-08-06T04:54:24+00:00 INFO Running webhook cron.
2026-08-06T04:54:24+00:00 INFO Webhook cron execution completed.
2026-08-06T05:02:30+00:00 INFO Running webhook cron.
2026-08-06T05:02:30+00:00 INFO Webhook cron execution completed.
2026-08-06T05:51:51+00:00 INFO Running webhook cron.
2026-08-06T05:51:51+00:00 INFO Webhook cron execution completed.
2026-08-06T06:02:42+00:00 INFO Running webhook cron.
2026-08-06T06:02:42+00:00 INFO Webhook cron execution completed.
2026-08-06T06:10:05+00:00 INFO Running webhook cron.
2026-08-06T06:10:05+00:00 INFO Webhook cron execution completed.
2026-08-06T06:15:51+00:00 INFO Running webhook cron.
2026-08-06T06:15:51+00:00 INFO Webhook cron execution completed.
2026-08-06T06:20:05+00:00 INFO Running webhook cron.
2026-08-06T06:20:05+00:00 INFO Webhook cron execution completed.
2026-08-06T06:25:07+00:00 INFO Running webhook cron.
2026-08-06T06:25:07+00:00 INFO Webhook cron execution completed.
2026-08-06T06:35:06+00:00 INFO Running webhook cron.
2026-08-06T06:35:06+00:00 INFO Webhook cron execution completed.
2026-08-06T06:39:10+00:00 INFO Running webhook cron.
2026-08-06T06:39:10+00:00 INFO Webhook cron execution completed.
2026-08-06T06:55:08+00:00 INFO Running webhook cron.
2026-08-06T06:55:08+00:00 INFO Webhook cron execution completed.
2026-08-06T07:00:03+00:00 INFO Running webhook cron.
2026-08-06T07:00:03+00:00 INFO Webhook cron execution completed.
2026-08-06T07:10:31+00:00 INFO Running webhook cron.
2026-08-06T07:10:31+00:00 INFO Webhook cron execution completed.
2026-08-06T07:24:00+00:00 INFO Running webhook cron.
2026-08-06T07:24:00+00:00 INFO Webhook cron execution completed.
2026-08-06T07:26:36+00:00 INFO Running webhook cron.
2026-08-06T07:26:36+00:00 INFO Webhook cron execution completed.
2026-08-06T07:43:29+00:00 INFO Running webhook cron.
2026-08-06T07:43:29+00:00 INFO Webhook cron execution completed.
2026-08-06T07:44:47+00:00 INFO Running webhook cron.
2026-08-06T07:44:47+00:00 INFO Webhook cron execution completed.
2026-08-06T07:56:12+00:00 INFO Running webhook cron.
2026-08-06T07:56:12+00:00 INFO Webhook cron execution completed.
2026-08-06T08:02:25+00:00 INFO Running webhook cron.
2026-08-06T08:02:25+00:00 INFO Webhook cron execution completed.
2026-08-06T08:26:15+00:00 INFO Running webhook cron.
2026-08-06T08:26:15+00:00 INFO Webhook cron execution completed.
2026-08-06T08:32:17+00:00 INFO Running webhook cron.
2026-08-06T08:32:17+00:00 INFO Webhook cron execution completed.
2026-08-06T08:45:51+00:00 INFO Running webhook cron.
2026-08-06T08:45:51+00:00 INFO Webhook cron execution completed.
2026-08-06T08:50:15+00:00 INFO Running webhook cron.
2026-08-06T08:50:15+00:00 INFO Webhook cron execution completed.
2026-08-06T08:59:50+00:00 INFO Running webhook cron.
2026-08-06T08:59:50+00:00 INFO Webhook cron execution completed.
2026-08-06T09:08:45+00:00 INFO Running webhook cron.
2026-08-06T09:08:45+00:00 INFO Webhook cron execution completed.
2026-08-06T09:12:11+00:00 INFO Running webhook cron.
2026-08-06T09:12:11+00:00 INFO Webhook cron execution completed.
2026-08-06T09:15:09+00:00 INFO Running webhook cron.
2026-08-06T09:15:09+00:00 INFO Webhook cron execution completed.
2026-08-06T09:26:47+00:00 INFO Running webhook cron.
2026-08-06T09:26:47+00:00 INFO Webhook cron execution completed.
2026-08-06T09:29:51+00:00 INFO Running webhook cron.
2026-08-06T09:29:51+00:00 INFO Webhook cron execution completed.
2026-08-06T09:36:10+00:00 INFO Running webhook cron.
2026-08-06T09:36:10+00:00 INFO Webhook cron execution completed.
2026-08-06T09:49:04+00:00 INFO Running webhook cron.
2026-08-06T09:49:04+00:00 INFO Webhook cron execution completed.
2026-08-06T09:49:05+00:00 INFO Running webhook cron.
2026-08-06T09:49:05+00:00 INFO Webhook cron execution completed.
2026-08-06T09:56:21+00:00 INFO Running webhook cron.
2026-08-06T09:56:21+00:00 INFO Webhook cron execution completed.
2026-08-06T10:11:58+00:00 INFO Running webhook cron.
2026-08-06T10:11:58+00:00 INFO Webhook cron execution completed.
2026-08-06T10:18:17+00:00 INFO Running webhook cron.
2026-08-06T10:18:17+00:00 INFO Webhook cron execution completed.
2026-08-06T10:20:43+00:00 INFO Running webhook cron.
2026-08-06T10:20:43+00:00 INFO Webhook cron execution completed.
2026-08-06T10:27:22+00:00 INFO Running webhook cron.
2026-08-06T10:27:22+00:00 INFO Webhook cron execution completed.
2026-08-06T10:29:33+00:00 INFO Running webhook cron.
2026-08-06T10:29:33+00:00 INFO Webhook cron execution completed.
2026-08-06T10:35:37+00:00 INFO Running webhook cron.
2026-08-06T10:35:37+00:00 INFO Webhook cron execution completed.
2026-08-06T10:39:20+00:00 INFO Running webhook cron.
2026-08-06T10:39:20+00:00 INFO Webhook cron execution completed.
2026-08-06T10:50:20+00:00 INFO Running webhook cron.
2026-08-06T10:50:20+00:00 INFO Webhook cron execution completed.
2026-08-06T10:54:08+00:00 INFO Running webhook cron.
2026-08-06T10:54:08+00:00 INFO Webhook cron execution completed.
2026-08-06T10:59:32+00:00 INFO Running webhook cron.
2026-08-06T10:59:32+00:00 INFO Webhook cron execution completed.
2026-08-06T11:06:25+00:00 INFO Running webhook cron.
2026-08-06T11:06:25+00:00 INFO Webhook cron execution completed.
2026-08-06T11:12:04+00:00 INFO Running webhook cron.
2026-08-06T11:12:04+00:00 INFO Webhook cron execution completed.
2026-08-06T11:16:13+00:00 INFO Running webhook cron.
2026-08-06T11:16:13+00:00 INFO Webhook cron execution completed.
2026-08-06T11:21:33+00:00 INFO Running webhook cron.
2026-08-06T11:21:33+00:00 INFO Webhook cron execution completed.
2026-08-06T11:24:17+00:00 INFO Running webhook cron.
2026-08-06T11:24:17+00:00 INFO Webhook cron execution completed.
2026-08-06T11:36:33+00:00 INFO Running webhook cron.
2026-08-06T11:36:33+00:00 INFO Webhook cron execution completed.
2026-08-06T11:40:02+00:00 INFO Running webhook cron.
2026-08-06T11:40:02+00:00 INFO Webhook cron execution completed.
2026-08-06T11:51:46+00:00 INFO Running webhook cron.
2026-08-06T11:51:46+00:00 INFO Webhook cron execution completed.
2026-08-06T12:17:23+00:00 INFO Running webhook cron.
2026-08-06T12:17:23+00:00 INFO Webhook cron execution completed.
2026-08-06T12:19:07+00:00 INFO Running webhook cron.
2026-08-06T12:19:07+00:00 INFO Webhook cron execution completed.
2026-08-06T12:34:22+00:00 INFO Running webhook cron.
2026-08-06T12:34:22+00:00 INFO Webhook cron execution completed.
2026-08-06T12:40:44+00:00 INFO Running webhook cron.
2026-08-06T12:40:44+00:00 INFO Webhook cron execution completed.
2026-08-06T12:48:45+00:00 INFO Running webhook cron.
2026-08-06T12:48:45+00:00 INFO Webhook cron execution completed.
2026-08-06T12:51:58+00:00 INFO Running webhook cron.
2026-08-06T12:51:58+00:00 INFO Webhook cron execution completed.
2026-08-06T13:03:50+00:00 INFO Running webhook cron.
2026-08-06T13:03:50+00:00 INFO Webhook cron execution completed.
2026-08-06T13:04:20+00:00 INFO Running webhook cron.
2026-08-06T13:04:20+00:00 INFO Webhook cron execution completed.
2026-08-06T13:52:55+00:00 INFO Running webhook cron.
2026-08-06T13:52:55+00:00 INFO Webhook cron execution completed.
2026-08-06T13:59:34+00:00 INFO Running webhook cron.
2026-08-06T13:59:34+00:00 INFO Webhook cron execution completed.
2026-08-06T14:06:31+00:00 INFO Running webhook cron.
2026-08-06T14:06:31+00:00 INFO Webhook cron execution completed.
2026-08-06T14:09:05+00:00 INFO Running webhook cron.
2026-08-06T14:09:05+00:00 INFO Webhook cron execution completed.
2026-08-06T14:26:56+00:00 INFO Running webhook cron.
2026-08-06T14:26:56+00:00 INFO Webhook cron execution completed.
2026-08-06T14:32:36+00:00 INFO Running webhook cron.
2026-08-06T14:32:36+00:00 INFO Webhook cron execution completed.
2026-08-06T14:34:06+00:00 INFO Running webhook cron.
2026-08-06T14:34:06+00:00 INFO Webhook cron execution completed.
2026-08-06T14:44:07+00:00 INFO Running webhook cron.
2026-08-06T14:44:07+00:00 INFO Webhook cron execution completed.
2026-08-06T14:53:50+00:00 INFO Running webhook cron.
2026-08-06T14:53:50+00:00 INFO Webhook cron execution completed.
2026-08-06T14:55:06+00:00 INFO Running webhook cron.
2026-08-06T14:55:06+00:00 INFO Webhook cron execution completed.
2026-08-06T15:21:25+00:00 INFO Running webhook cron.
2026-08-06T15:21:25+00:00 INFO Webhook cron execution completed.
2026-08-06T15:49:44+00:00 INFO Running webhook cron.
2026-08-06T15:49:44+00:00 INFO Webhook cron execution completed.
2026-08-06T15:57:27+00:00 INFO Running webhook cron.
2026-08-06T15:57:27+00:00 INFO Webhook cron execution completed.
2026-08-06T16:11:13+00:00 INFO Running webhook cron.
2026-08-06T16:11:13+00:00 INFO Webhook cron execution completed.
2026-08-06T16:18:44+00:00 INFO Running webhook cron.
2026-08-06T16:18:44+00:00 INFO Webhook cron execution completed.
2026-08-06T16:24:23+00:00 INFO Running webhook cron.
2026-08-06T16:24:23+00:00 INFO Webhook cron execution completed.
2026-08-06T16:33:03+00:00 INFO Running webhook cron.
2026-08-06T16:33:03+00:00 INFO Webhook cron execution completed.
2026-08-06T16:36:10+00:00 INFO Running webhook cron.
2026-08-06T16:36:10+00:00 INFO Webhook cron execution completed.
2026-08-06T16:43:15+00:00 INFO Running webhook cron.
2026-08-06T16:43:15+00:00 INFO Webhook cron execution completed.
2026-08-06T16:47:09+00:00 INFO Running webhook cron.
2026-08-06T16:47:09+00:00 INFO Webhook cron execution completed.
2026-08-06T16:53:50+00:00 INFO Running webhook cron.
2026-08-06T16:53:50+00:00 INFO Webhook cron execution completed.
2026-08-06T16:59:49+00:00 INFO Running webhook cron.
2026-08-06T16:59:49+00:00 INFO Webhook cron execution completed.
2026-08-06T17:04:15+00:00 INFO Running webhook cron.
2026-08-06T17:04:15+00:00 INFO Webhook cron execution completed.
2026-08-06T17:09:46+00:00 INFO Running webhook cron.
2026-08-06T17:09:46+00:00 INFO Webhook cron execution completed.
2026-08-06T17:21:02+00:00 INFO Running webhook cron.
2026-08-06T17:21:02+00:00 INFO Webhook cron execution completed.
2026-08-06T17:24:29+00:00 INFO Running webhook cron.
2026-08-06T17:24:29+00:00 INFO Webhook cron execution completed.
2026-08-06T17:32:58+00:00 INFO Running webhook cron.
2026-08-06T17:32:58+00:00 INFO Webhook cron execution completed.
2026-08-06T17:34:13+00:00 INFO Running webhook cron.
2026-08-06T17:34:13+00:00 INFO Webhook cron execution completed.
2026-08-06T17:47:59+00:00 INFO Running webhook cron.
2026-08-06T17:47:59+00:00 INFO Webhook cron execution completed.
2026-08-06T17:55:46+00:00 INFO Running webhook cron.
2026-08-06T17:55:46+00:00 INFO Webhook cron execution completed.
2026-08-06T18:02:10+00:00 INFO Running webhook cron.
2026-08-06T18:02:10+00:00 INFO Webhook cron execution completed.
2026-08-06T18:16:30+00:00 INFO Running webhook cron.
2026-08-06T18:16:30+00:00 INFO Webhook cron execution completed.
2026-08-06T18:24:13+00:00 INFO Running webhook cron.
2026-08-06T18:24:13+00:00 INFO Webhook cron execution completed.
2026-08-06T18:31:19+00:00 INFO Running webhook cron.
2026-08-06T18:31:19+00:00 INFO Webhook cron execution completed.
2026-08-06T18:37:50+00:00 INFO Running webhook cron.
2026-08-06T18:37:50+00:00 INFO Webhook cron execution completed.
2026-08-06T18:44:16+00:00 INFO Running webhook cron.
2026-08-06T18:44:16+00:00 INFO Webhook cron execution completed.
2026-08-06T18:49:41+00:00 INFO Running webhook cron.
2026-08-06T18:49:41+00:00 INFO Webhook cron execution completed.
2026-08-06T18:57:06+00:00 INFO Running webhook cron.
2026-08-06T18:57:06+00:00 INFO Webhook cron execution completed.
2026-08-06T19:05:10+00:00 INFO Running webhook cron.
2026-08-06T19:05:10+00:00 INFO Webhook cron execution completed.
2026-08-06T19:05:15+00:00 INFO Trying to create one_cc_address_sync_cron
2026-08-06T19:05:15+00:00 INFO Failed to create one_cc_address_sync_cron as invalid one cc merchant
2026-08-06T19:05:15+00:00 INFO Attempting to delete one_cc_address_sync_cron, status: cancelled, message: invalid_1cc_merchant
2026-08-06T19:05:15+00:00 INFO Deleted one_cc_address_sync_cron  if exists
2026-08-06T19:05:15+00:00 INFO updateAddressSyncCronData: status=cancelled, message=invalid_1cc_merchant, cronStatus=deleted
2026-08-06T19:05:15+00:00 INFO create one_cc_plugin_sync_cron successful
2026-08-06T19:13:30+00:00 INFO Running webhook cron.
2026-08-06T19:13:30+00:00 INFO Webhook cron execution completed.
2026-08-06T19:14:58+00:00 INFO Running webhook cron.
2026-08-06T19:14:58+00:00 INFO Webhook cron execution completed.
2026-08-06T19:22:57+00:00 INFO Running webhook cron.
2026-08-06T19:22:57+00:00 INFO Webhook cron execution completed.
2026-08-06T19:27:45+00:00 INFO Running webhook cron.
2026-08-06T19:27:45+00:00 INFO Webhook cron execution completed.
2026-08-06T19:37:45+00:00 INFO Running webhook cron.
2026-08-06T19:37:45+00:00 INFO Webhook cron execution completed.
2026-08-06T19:39:47+00:00 INFO Running webhook cron.
2026-08-06T19:39:47+00:00 INFO Webhook cron execution completed.
2026-08-06T19:47:07+00:00 INFO Running webhook cron.
2026-08-06T19:47:07+00:00 INFO Webhook cron execution completed.
2026-08-06T19:55:11+00:00 INFO Running webhook cron.
2026-08-06T19:55:11+00:00 INFO Webhook cron execution completed.
2026-08-06T20:01:11+00:00 INFO Running webhook cron.
2026-08-06T20:01:11+00:00 INFO Webhook cron execution completed.
2026-08-06T20:04:53+00:00 INFO Running webhook cron.
2026-08-06T20:04:53+00:00 INFO Webhook cron execution completed.
2026-08-06T20:17:53+00:00 INFO Running webhook cron.
2026-08-06T20:17:53+00:00 INFO Webhook cron execution completed.
2026-08-06T20:26:24+00:00 INFO Running webhook cron.
2026-08-06T20:26:24+00:00 INFO Webhook cron execution completed.
2026-08-06T20:29:29+00:00 INFO Running webhook cron.
2026-08-06T20:29:29+00:00 INFO Webhook cron execution completed.
2026-08-06T20:34:32+00:00 INFO Running webhook cron.
2026-08-06T20:34:32+00:00 INFO Webhook cron execution completed.
2026-08-06T20:45:19+00:00 INFO Running webhook cron.
2026-08-06T20:45:19+00:00 INFO Webhook cron execution completed.
2026-08-06T20:54:11+00:00 INFO Running webhook cron.
2026-08-06T20:54:11+00:00 INFO Webhook cron execution completed.
2026-08-06T20:59:07+00:00 INFO Running webhook cron.
2026-08-06T20:59:07+00:00 INFO Webhook cron execution completed.
2026-08-06T21:04:15+00:00 INFO Running webhook cron.
2026-08-06T21:04:15+00:00 INFO Webhook cron execution completed.
2026-08-06T21:12:01+00:00 INFO Running webhook cron.
2026-08-06T21:12:01+00:00 INFO Webhook cron execution completed.
2026-08-06T21:14:07+00:00 INFO Running webhook cron.
2026-08-06T21:14:07+00:00 INFO Webhook cron execution completed.
2026-08-06T21:20:25+00:00 INFO Running webhook cron.
2026-08-06T21:20:25+00:00 INFO Webhook cron execution completed.
2026-08-06T21:24:44+00:00 INFO Running webhook cron.
2026-08-06T21:24:44+00:00 INFO Webhook cron execution completed.
2026-08-06T21:29:05+00:00 INFO Running webhook cron.
2026-08-06T21:29:05+00:00 INFO Webhook cron execution completed.
2026-08-06T21:43:35+00:00 INFO Running webhook cron.
2026-08-06T21:43:35+00:00 INFO Webhook cron execution completed.
2026-08-06T21:51:17+00:00 INFO Running webhook cron.
2026-08-06T21:51:17+00:00 INFO Webhook cron execution completed.
2026-08-06T21:54:22+00:00 INFO Running webhook cron.
2026-08-06T21:54:22+00:00 INFO Webhook cron execution completed.
2026-08-06T22:10:42+00:00 INFO Running webhook cron.
2026-08-06T22:10:42+00:00 INFO Webhook cron execution completed.
2026-08-06T22:16:34+00:00 INFO Running webhook cron.
2026-08-06T22:16:34+00:00 INFO Webhook cron execution completed.
2026-08-06T22:35:30+00:00 INFO Running webhook cron.
2026-08-06T22:35:30+00:00 INFO Webhook cron execution completed.
2026-08-06T22:44:16+00:00 INFO Running webhook cron.
2026-08-06T22:44:16+00:00 INFO Webhook cron execution completed.
2026-08-06T22:55:41+00:00 INFO Running webhook cron.
2026-08-06T22:55:41+00:00 INFO Webhook cron execution completed.
2026-08-06T23:00:31+00:00 INFO Running webhook cron.
2026-08-06T23:00:31+00:00 INFO Webhook cron execution completed.
2026-08-06T23:18:44+00:00 INFO Running webhook cron.
2026-08-06T23:18:44+00:00 INFO Webhook cron execution completed.
2026-08-06T23:23:21+00:00 INFO Running webhook cron.
2026-08-06T23:23:21+00:00 INFO Webhook cron execution completed.
2026-08-06T23:34:40+00:00 INFO Running webhook cron.
2026-08-06T23:34:40+00:00 INFO Webhook cron execution completed.
2026-08-06T23:46:46+00:00 INFO Running webhook cron.
2026-08-06T23:46:46+00:00 INFO Webhook cron execution completed.
