2026-08-20T00:01:14+00:00 INFO Running webhook cron.
2026-08-20T00:01:14+00:00 INFO Webhook cron execution completed.
2026-08-20T00:06:47+00:00 INFO Running webhook cron.
2026-08-20T00:06:47+00:00 INFO Webhook cron execution completed.
2026-08-20T00:12:16+00:00 INFO Running webhook cron.
2026-08-20T00:12:16+00:00 INFO Webhook cron execution completed.
2026-08-20T00:21:48+00:00 INFO Running webhook cron.
2026-08-20T00:21:48+00:00 INFO Webhook cron execution completed.
2026-08-20T00:24:31+00:00 INFO Running webhook cron.
2026-08-20T00:24:31+00:00 INFO Webhook cron execution completed.
2026-08-20T00:51:02+00:00 INFO Running webhook cron.
2026-08-20T00:51:02+00:00 INFO Webhook cron execution completed.
2026-08-20T01:07:13+00:00 INFO Running webhook cron.
2026-08-20T01:07:13+00:00 INFO Webhook cron execution completed.
2026-08-20T01:15:59+00:00 INFO Running webhook cron.
2026-08-20T01:15:59+00:00 INFO Webhook cron execution completed.
2026-08-20T01:24:00+00:00 INFO Running webhook cron.
2026-08-20T01:24:00+00:00 INFO Webhook cron execution completed.
2026-08-20T01:49:43+00:00 INFO Running webhook cron.
2026-08-20T01:49:43+00:00 INFO Webhook cron execution completed.
2026-08-20T01:58:02+00:00 INFO Running webhook cron.
2026-08-20T01:58:02+00:00 INFO Webhook cron execution completed.
2026-08-20T02:25:56+00:00 INFO Running webhook cron.
2026-08-20T02:25:56+00:00 INFO Webhook cron execution completed.
2026-08-20T02:31:44+00:00 INFO Running webhook cron.
2026-08-20T02:31:44+00:00 INFO Webhook cron execution completed.
2026-08-20T02:34:22+00:00 INFO Running webhook cron.
2026-08-20T02:34:22+00:00 INFO Webhook cron execution completed.
2026-08-20T02:45:10+00:00 INFO Running webhook cron.
2026-08-20T02:45:10+00:00 INFO Webhook cron execution completed.
2026-08-20T02:51:47+00:00 INFO Running webhook cron.
2026-08-20T02:51:47+00:00 INFO Webhook cron execution completed.
2026-08-20T03:01:14+00:00 INFO Running webhook cron.
2026-08-20T03:01:14+00:00 INFO Webhook cron execution completed.
2026-08-20T03:05:52+00:00 INFO Running webhook cron.
2026-08-20T03:05:52+00:00 INFO Webhook cron execution completed.
2026-08-20T03:16:51+00:00 INFO Running webhook cron.
2026-08-20T03:16:51+00:00 INFO Webhook cron execution completed.
2026-08-20T03:31:08+00:00 INFO Running webhook cron.
2026-08-20T03:31:08+00:00 INFO Webhook cron execution completed.
2026-08-20T03:31:38+00:00 INFO Trying to create one_cc_address_sync_cron
2026-08-20T03:31:38+00:00 INFO Failed to create one_cc_address_sync_cron as invalid one cc merchant
2026-08-20T03:31:38+00:00 INFO Attempting to delete one_cc_address_sync_cron, status: cancelled, message: invalid_1cc_merchant
2026-08-20T03:31:38+00:00 INFO Deleted one_cc_address_sync_cron  if exists
2026-08-20T03:31:38+00:00 INFO updateAddressSyncCronData: status=cancelled, message=invalid_1cc_merchant, cronStatus=deleted
2026-08-20T03:31:38+00:00 INFO create one_cc_plugin_sync_cron successful
2026-08-20T03:40:49+00:00 INFO Running webhook cron.
2026-08-20T03:40:49+00:00 INFO Webhook cron execution completed.
2026-08-20T03:47:08+00:00 INFO Running webhook cron.
2026-08-20T03:47:08+00:00 INFO Webhook cron execution completed.
2026-08-20T04:00:46+00:00 INFO Running webhook cron.
2026-08-20T04:00:46+00:00 INFO Webhook cron execution completed.
2026-08-20T04:04:57+00:00 INFO Running webhook cron.
2026-08-20T04:04:57+00:00 INFO Webhook cron execution completed.
2026-08-20T04:11:52+00:00 INFO Running webhook cron.
2026-08-20T04:11:52+00:00 INFO Webhook cron execution completed.
2026-08-20T04:16:18+00:00 INFO Running webhook cron.
2026-08-20T04:16:18+00:00 INFO Webhook cron execution completed.
2026-08-20T04:41:50+00:00 INFO Running webhook cron.
2026-08-20T04:41:50+00:00 INFO Webhook cron execution completed.
2026-08-20T04:49:12+00:00 INFO Running webhook cron.
2026-08-20T04:49:12+00:00 INFO Webhook cron execution completed.
2026-08-20T05:00:09+00:00 INFO Running webhook cron.
2026-08-20T05:00:09+00:00 INFO Webhook cron execution completed.
2026-08-20T05:19:20+00:00 INFO Running webhook cron.
2026-08-20T05:19:20+00:00 INFO Webhook cron execution completed.
2026-08-20T05:24:43+00:00 INFO Running webhook cron.
2026-08-20T05:24:43+00:00 INFO Webhook cron execution completed.
2026-08-20T05:37:30+00:00 INFO Running webhook cron.
2026-08-20T05:37:30+00:00 INFO Webhook cron execution completed.
2026-08-20T05:41:34+00:00 INFO Running webhook cron.
2026-08-20T05:41:34+00:00 INFO Webhook cron execution completed.
2026-08-20T05:44:40+00:00 INFO Running webhook cron.
2026-08-20T05:44:40+00:00 INFO Webhook cron execution completed.
2026-08-20T05:58:23+00:00 INFO Running webhook cron.
2026-08-20T05:58:23+00:00 INFO Webhook cron execution completed.
2026-08-20T06:02:54+00:00 INFO Running webhook cron.
2026-08-20T06:02:54+00:00 INFO Webhook cron execution completed.
2026-08-20T06:15:59+00:00 INFO Running webhook cron.
2026-08-20T06:15:59+00:00 INFO Webhook cron execution completed.
2026-08-20T06:23:08+00:00 INFO Running webhook cron.
2026-08-20T06:23:09+00:00 INFO Webhook cron execution completed.
2026-08-20T06:25:53+00:00 INFO Running webhook cron.
2026-08-20T06:25:53+00:00 INFO Webhook cron execution completed.
2026-08-20T06:29:59+00:00 INFO Running webhook cron.
2026-08-20T06:29:59+00:00 INFO Webhook cron execution completed.
2026-08-20T06:34:20+00:00 INFO Running webhook cron.
2026-08-20T06:34:20+00:00 INFO Webhook cron execution completed.
2026-08-20T06:43:36+00:00 INFO Running webhook cron.
2026-08-20T06:43:36+00:00 INFO Webhook cron execution completed.
2026-08-20T06:51:59+00:00 INFO Running webhook cron.
2026-08-20T06:51:59+00:00 INFO Webhook cron execution completed.
2026-08-20T07:12:13+00:00 INFO Running webhook cron.
2026-08-20T07:12:13+00:00 INFO Webhook cron execution completed.
2026-08-20T07:14:41+00:00 INFO Running webhook cron.
2026-08-20T07:14:41+00:00 INFO Webhook cron execution completed.
2026-08-20T07:27:18+00:00 INFO Running webhook cron.
2026-08-20T07:27:18+00:00 INFO Webhook cron execution completed.
2026-08-20T07:29:26+00:00 INFO Running webhook cron.
2026-08-20T07:29:26+00:00 INFO Webhook cron execution completed.
2026-08-20T07:34:52+00:00 INFO Running webhook cron.
2026-08-20T07:34:52+00:00 INFO Webhook cron execution completed.
2026-08-20T07:41:40+00:00 INFO Running webhook cron.
2026-08-20T07:41:40+00:00 INFO Webhook cron execution completed.
2026-08-20T07:52:12+00:00 INFO Running webhook cron.
2026-08-20T07:52:12+00:00 INFO Webhook cron execution completed.
2026-08-20T07:58:49+00:00 INFO Running webhook cron.
2026-08-20T07:58:49+00:00 INFO Webhook cron execution completed.
2026-08-20T07:59:34+00:00 INFO Running webhook cron.
2026-08-20T07:59:34+00:00 INFO Webhook cron execution completed.
2026-08-20T08:24:53+00:00 INFO Running webhook cron.
2026-08-20T08:24:53+00:00 INFO Webhook cron execution completed.
2026-08-20T08:29:14+00:00 INFO Running webhook cron.
2026-08-20T08:29:14+00:00 INFO Webhook cron execution completed.
2026-08-20T08:55:35+00:00 INFO Running webhook cron.
2026-08-20T08:55:35+00:00 INFO Webhook cron execution completed.
2026-08-20T08:59:28+00:00 INFO Running webhook cron.
2026-08-20T08:59:28+00:00 INFO Webhook cron execution completed.
2026-08-20T09:09:39+00:00 INFO Running webhook cron.
2026-08-20T09:09:39+00:00 INFO Webhook cron execution completed.
2026-08-20T09:15:22+00:00 INFO Running webhook cron.
2026-08-20T09:15:22+00:00 INFO Webhook cron execution completed.
2026-08-20T09:34:34+00:00 INFO Running webhook cron.
2026-08-20T09:34:34+00:00 INFO Webhook cron execution completed.
2026-08-20T09:40:33+00:00 INFO Running webhook cron.
2026-08-20T09:40:33+00:00 INFO Webhook cron execution completed.
2026-08-20T09:46:02+00:00 INFO Running webhook cron.
2026-08-20T09:46:02+00:00 INFO Webhook cron execution completed.
2026-08-20T09:50:15+00:00 INFO Running webhook cron.
2026-08-20T09:50:15+00:00 INFO Webhook cron execution completed.
2026-08-20T09:58:38+00:00 INFO Running webhook cron.
2026-08-20T09:58:38+00:00 INFO Webhook cron execution completed.
2026-08-20T10:00:38+00:00 INFO Running webhook cron.
2026-08-20T10:00:38+00:00 INFO Webhook cron execution completed.
2026-08-20T10:21:56+00:00 INFO Running webhook cron.
2026-08-20T10:21:56+00:00 INFO Webhook cron execution completed.
2026-08-20T10:32:07+00:00 INFO Running webhook cron.
2026-08-20T10:32:07+00:00 INFO Webhook cron execution completed.
2026-08-20T10:41:57+00:00 INFO Running webhook cron.
2026-08-20T10:41:57+00:00 INFO Webhook cron execution completed.
2026-08-20T10:46:13+00:00 INFO Running webhook cron.
2026-08-20T10:46:13+00:00 INFO Webhook cron execution completed.
2026-08-20T10:51:58+00:00 INFO Running webhook cron.
2026-08-20T10:51:58+00:00 INFO Webhook cron execution completed.
2026-08-20T10:54:40+00:00 INFO Running webhook cron.
2026-08-20T10:54:40+00:00 INFO Webhook cron execution completed.
2026-08-20T10:59:32+00:00 INFO Running webhook cron.
2026-08-20T10:59:32+00:00 INFO Webhook cron execution completed.
2026-08-20T11:06:16+00:00 INFO Running webhook cron.
2026-08-20T11:06:16+00:00 INFO Webhook cron execution completed.
2026-08-20T11:20:45+00:00 INFO Running webhook cron.
2026-08-20T11:20:45+00:00 INFO Webhook cron execution completed.
2026-08-20T11:25:31+00:00 INFO Running webhook cron.
2026-08-20T11:25:31+00:00 INFO Webhook cron execution completed.
2026-08-20T11:34:29+00:00 INFO Running webhook cron.
2026-08-20T11:34:29+00:00 INFO Webhook cron execution completed.
2026-08-20T11:40:54+00:00 INFO Running webhook cron.
2026-08-20T11:40:54+00:00 INFO Webhook cron execution completed.
2026-08-20T11:47:03+00:00 INFO Running webhook cron.
2026-08-20T11:47:03+00:00 INFO Webhook cron execution completed.
2026-08-20T11:57:07+00:00 INFO Running webhook cron.
2026-08-20T11:57:07+00:00 INFO Webhook cron execution completed.
2026-08-20T12:08:25+00:00 INFO Running webhook cron.
2026-08-20T12:08:25+00:00 INFO Webhook cron execution completed.
2026-08-20T12:10:27+00:00 INFO Running webhook cron.
2026-08-20T12:10:27+00:00 INFO Webhook cron execution completed.
2026-08-20T12:26:23+00:00 INFO Running webhook cron.
2026-08-20T12:26:23+00:00 INFO Webhook cron execution completed.
2026-08-20T12:33:45+00:00 INFO Running webhook cron.
2026-08-20T12:33:45+00:00 INFO Webhook cron execution completed.
2026-08-20T12:49:11+00:00 INFO Running webhook cron.
2026-08-20T12:49:11+00:00 INFO Webhook cron execution completed.
2026-08-20T12:57:15+00:00 INFO Running webhook cron.
2026-08-20T12:57:15+00:00 INFO Webhook cron execution completed.
2026-08-20T13:00:58+00:00 INFO Running webhook cron.
2026-08-20T13:00:58+00:00 INFO Webhook cron execution completed.
2026-08-20T13:06:05+00:00 INFO Running webhook cron.
2026-08-20T13:06:06+00:00 INFO Webhook cron execution completed.
2026-08-20T13:09:47+00:00 INFO Running webhook cron.
2026-08-20T13:09:47+00:00 INFO Webhook cron execution completed.
2026-08-20T13:21:06+00:00 INFO Running webhook cron.
2026-08-20T13:21:06+00:00 INFO Webhook cron execution completed.
2026-08-20T13:25:29+00:00 INFO Running webhook cron.
2026-08-20T13:25:29+00:00 INFO Webhook cron execution completed.
2026-08-20T13:31:23+00:00 INFO Running webhook cron.
2026-08-20T13:31:23+00:00 INFO Webhook cron execution completed.
2026-08-20T13:39:47+00:00 INFO Running webhook cron.
2026-08-20T13:39:47+00:00 INFO Webhook cron execution completed.
2026-08-20T13:44:32+00:00 INFO Running webhook cron.
2026-08-20T13:44:32+00:00 INFO Webhook cron execution completed.
2026-08-20T13:49:36+00:00 INFO Running webhook cron.
2026-08-20T13:49:36+00:00 INFO Webhook cron execution completed.
2026-08-20T13:55:07+00:00 INFO Running webhook cron.
2026-08-20T13:55:07+00:00 INFO Webhook cron execution completed.
2026-08-20T14:04:39+00:00 INFO Running webhook cron.
2026-08-20T14:04:39+00:00 INFO Webhook cron execution completed.
2026-08-20T14:23:43+00:00 INFO Running webhook cron.
2026-08-20T14:23:43+00:00 INFO Webhook cron execution completed.
2026-08-20T14:26:26+00:00 INFO Running webhook cron.
2026-08-20T14:26:26+00:00 INFO Webhook cron execution completed.
2026-08-20T14:31:55+00:00 INFO Running webhook cron.
2026-08-20T14:31:55+00:00 INFO Webhook cron execution completed.
2026-08-20T14:38:23+00:00 INFO Running webhook cron.
2026-08-20T14:38:23+00:00 INFO Webhook cron execution completed.
2026-08-20T14:40:16+00:00 INFO Running webhook cron.
2026-08-20T14:40:16+00:00 INFO Webhook cron execution completed.
2026-08-20T14:47:59+00:00 INFO Running webhook cron.
2026-08-20T14:47:59+00:00 INFO Webhook cron execution completed.
2026-08-20T14:49:07+00:00 INFO Running webhook cron.
2026-08-20T14:49:07+00:00 INFO Webhook cron execution completed.
2026-08-20T14:55:33+00:00 INFO Running webhook cron.
2026-08-20T14:55:33+00:00 INFO Webhook cron execution completed.
2026-08-20T15:12:33+00:00 INFO Running webhook cron.
2026-08-20T15:12:33+00:00 INFO Webhook cron execution completed.
2026-08-20T15:15:36+00:00 INFO Running webhook cron.
2026-08-20T15:15:36+00:00 INFO Webhook cron execution completed.
2026-08-20T15:19:48+00:00 INFO Running webhook cron.
2026-08-20T15:19:48+00:00 INFO Webhook cron execution completed.
2026-08-20T15:30:23+00:00 INFO Running webhook cron.
2026-08-20T15:30:23+00:00 INFO Webhook cron execution completed.
2026-08-20T15:35:15+00:00 INFO Running webhook cron.
2026-08-20T15:35:15+00:00 INFO Webhook cron execution completed.
2026-08-20T15:44:54+00:00 INFO Running webhook cron.
2026-08-20T15:44:54+00:00 INFO Webhook cron execution completed.
2026-08-20T15:49:46+00:00 INFO Running webhook cron.
2026-08-20T15:49:46+00:00 INFO Webhook cron execution completed.
2026-08-20T15:56:47+00:00 INFO Running webhook cron.
2026-08-20T15:56:47+00:00 INFO Webhook cron execution completed.
2026-08-20T15:59:11+00:00 INFO Running webhook cron.
2026-08-20T15:59:11+00:00 INFO Webhook cron execution completed.
2026-08-20T16:15:27+00:00 INFO Running webhook cron.
2026-08-20T16:15:27+00:00 INFO Webhook cron execution completed.
2026-08-20T16:19:56+00:00 INFO Running webhook cron.
2026-08-20T16:19:56+00:00 INFO Webhook cron execution completed.
2026-08-20T16:35:13+00:00 INFO Running webhook cron.
2026-08-20T16:35:13+00:00 INFO Webhook cron execution completed.
2026-08-20T16:48:18+00:00 INFO Running webhook cron.
2026-08-20T16:48:18+00:00 INFO Webhook cron execution completed.
2026-08-20T16:52:52+00:00 INFO Running webhook cron.
2026-08-20T16:52:52+00:00 INFO Webhook cron execution completed.
2026-08-20T16:57:48+00:00 INFO Running webhook cron.
2026-08-20T16:57:48+00:00 INFO Webhook cron execution completed.
2026-08-20T17:08:07+00:00 INFO Running webhook cron.
2026-08-20T17:08:07+00:00 INFO Webhook cron execution completed.
2026-08-20T17:10:16+00:00 INFO Running webhook cron.
2026-08-20T17:10:16+00:00 INFO Webhook cron execution completed.
2026-08-20T17:20:18+00:00 INFO Running webhook cron.
2026-08-20T17:20:18+00:00 INFO Webhook cron execution completed.
2026-08-20T17:28:26+00:00 INFO Running webhook cron.
2026-08-20T17:28:26+00:00 INFO Webhook cron execution completed.
2026-08-20T17:31:17+00:00 INFO Running webhook cron.
2026-08-20T17:31:17+00:00 INFO Webhook cron execution completed.
2026-08-20T17:35:35+00:00 INFO Running webhook cron.
2026-08-20T17:35:35+00:00 INFO Webhook cron execution completed.
2026-08-20T17:45:43+00:00 INFO Running webhook cron.
2026-08-20T17:45:43+00:00 INFO Webhook cron execution completed.
2026-08-20T17:49:07+00:00 INFO Running webhook cron.
2026-08-20T17:49:07+00:00 INFO Webhook cron execution completed.
2026-08-20T17:57:19+00:00 INFO Running webhook cron.
2026-08-20T17:57:19+00:00 INFO Webhook cron execution completed.
2026-08-20T18:04:04+00:00 INFO Running webhook cron.
2026-08-20T18:04:04+00:00 INFO Webhook cron execution completed.
2026-08-20T18:04:05+00:00 INFO Running webhook cron.
2026-08-20T18:04:05+00:00 INFO Webhook cron execution completed.
2026-08-20T18:14:11+00:00 INFO Running webhook cron.
2026-08-20T18:14:11+00:00 INFO Webhook cron execution completed.
2026-08-20T18:22:30+00:00 INFO Running webhook cron.
2026-08-20T18:22:30+00:00 INFO Webhook cron execution completed.
2026-08-20T18:27:08+00:00 INFO Running webhook cron.
2026-08-20T18:27:08+00:00 INFO Webhook cron execution completed.
2026-08-20T18:29:12+00:00 INFO Running webhook cron.
2026-08-20T18:29:12+00:00 INFO Webhook cron execution completed.
2026-08-20T18:38:15+00:00 INFO Running webhook cron.
2026-08-20T18:38:15+00:00 INFO Webhook cron execution completed.
2026-08-20T18:40:01+00:00 INFO Running webhook cron.
2026-08-20T18:40:01+00:00 INFO Webhook cron execution completed.
2026-08-20T18:45:03+00:00 INFO Running webhook cron.
2026-08-20T18:45:03+00:00 INFO Webhook cron execution completed.
2026-08-20T18:49:08+00:00 INFO Running webhook cron.
2026-08-20T18:49:08+00:00 INFO Webhook cron execution completed.
2026-08-20T18:54:08+00:00 INFO Running webhook cron.
2026-08-20T18:54:08+00:00 INFO Webhook cron execution completed.
2026-08-20T18:59:36+00:00 INFO Running webhook cron.
2026-08-20T18:59:36+00:00 INFO Webhook cron execution completed.
2026-08-20T19:08:17+00:00 INFO Running webhook cron.
2026-08-20T19:08:17+00:00 INFO Webhook cron execution completed.
2026-08-20T19:13:57+00:00 INFO Running webhook cron.
2026-08-20T19:13:57+00:00 INFO Webhook cron execution completed.
2026-08-20T19:14:37+00:00 INFO Running webhook cron.
2026-08-20T19:14:37+00:00 INFO Webhook cron execution completed.
2026-08-20T19:22:19+00:00 INFO Running webhook cron.
2026-08-20T19:22:19+00:00 INFO Webhook cron execution completed.
2026-08-20T19:28:58+00:00 INFO Running webhook cron.
2026-08-20T19:28:58+00:00 INFO Webhook cron execution completed.
2026-08-20T19:29:06+00:00 INFO Running webhook cron.
2026-08-20T19:29:06+00:00 INFO Webhook cron execution completed.
2026-08-20T19:39:36+00:00 INFO Running webhook cron.
2026-08-20T19:39:36+00:00 INFO Webhook cron execution completed.
2026-08-20T19:49:15+00:00 INFO Running webhook cron.
2026-08-20T19:49:15+00:00 INFO Webhook cron execution completed.
2026-08-20T20:03:25+00:00 INFO Running webhook cron.
2026-08-20T20:03:25+00:00 INFO Webhook cron execution completed.
2026-08-20T20:12:28+00:00 INFO Running webhook cron.
2026-08-20T20:12:28+00:00 INFO Webhook cron execution completed.
2026-08-20T20:19:50+00:00 INFO Running webhook cron.
2026-08-20T20:19:50+00:00 INFO Webhook cron execution completed.
2026-08-20T20:28:15+00:00 INFO Running webhook cron.
2026-08-20T20:28:15+00:00 INFO Webhook cron execution completed.
2026-08-20T20:35:21+00:00 INFO Running webhook cron.
2026-08-20T20:35:21+00:00 INFO Webhook cron execution completed.
2026-08-20T20:45:38+00:00 INFO Running webhook cron.
2026-08-20T20:45:38+00:00 INFO Webhook cron execution completed.
2026-08-20T20:58:05+00:00 INFO Running webhook cron.
2026-08-20T20:58:05+00:00 INFO Webhook cron execution completed.
2026-08-20T21:08:20+00:00 INFO Running webhook cron.
2026-08-20T21:08:20+00:00 INFO Webhook cron execution completed.
2026-08-20T21:16:56+00:00 INFO Running webhook cron.
2026-08-20T21:16:56+00:00 INFO Webhook cron execution completed.
2026-08-20T21:28:47+00:00 INFO Running webhook cron.
2026-08-20T21:28:47+00:00 INFO Webhook cron execution completed.
2026-08-20T21:32:56+00:00 INFO Running webhook cron.
2026-08-20T21:32:56+00:00 INFO Webhook cron execution completed.
2026-08-20T21:39:55+00:00 INFO Running webhook cron.
2026-08-20T21:39:55+00:00 INFO Webhook cron execution completed.
2026-08-20T21:46:34+00:00 INFO Running webhook cron.
2026-08-20T21:46:34+00:00 INFO Webhook cron execution completed.
2026-08-20T21:57:07+00:00 INFO Running webhook cron.
2026-08-20T21:57:07+00:00 INFO Webhook cron execution completed.
2026-08-20T22:03:40+00:00 INFO Running webhook cron.
2026-08-20T22:03:40+00:00 INFO Webhook cron execution completed.
2026-08-20T22:13:46+00:00 INFO Running webhook cron.
2026-08-20T22:13:46+00:00 INFO Webhook cron execution completed.
2026-08-20T22:18:08+00:00 INFO Running webhook cron.
2026-08-20T22:18:08+00:00 INFO Webhook cron execution completed.
2026-08-20T22:25:37+00:00 INFO Running webhook cron.
2026-08-20T22:25:37+00:00 INFO Webhook cron execution completed.
2026-08-20T22:30:39+00:00 INFO Running webhook cron.
2026-08-20T22:30:39+00:00 INFO Webhook cron execution completed.
2026-08-20T22:39:07+00:00 INFO Running webhook cron.
2026-08-20T22:39:07+00:00 INFO Webhook cron execution completed.
2026-08-20T22:58:09+00:00 INFO Running webhook cron.
2026-08-20T22:58:09+00:00 INFO Webhook cron execution completed.
2026-08-20T23:10:40+00:00 INFO Running webhook cron.
2026-08-20T23:10:40+00:00 INFO Webhook cron execution completed.
2026-08-20T23:24:17+00:00 INFO Running webhook cron.
2026-08-20T23:24:17+00:00 INFO Webhook cron execution completed.
2026-08-20T23:50:37+00:00 INFO Running webhook cron.
2026-08-20T23:50:37+00:00 INFO Webhook cron execution completed.
2026-08-20T23:54:57+00:00 INFO Running webhook cron.
2026-08-20T23:54:57+00:00 INFO Webhook cron execution completed.
